Archive member included to satisfy reference by file (symbol)

c:/vsarm/armcc/102020~1/bin/../lib/gcc/arm-none-eabi/10.2.1/thumb/v6-m/nofp\libgcc.a(_dvmd_tls.o)
                              CMakeFiles/main.dir/C_/VSARM/sdk/pico/pico-sdk/src/rp2_common/pico_divider/divider.S.obj (__aeabi_idiv0)
c:/vsarm/armcc/102020~1/bin/../lib/gcc/arm-none-eabi/10.2.1/../../../../arm-none-eabi/lib/thumb/v6-m/nofp\libg.a(lib_a-calloc.o)
                              CMakeFiles/main.dir/C_/VSARM/sdk/pico/pico-sdk/src/rp2_common/pico_malloc/pico_malloc.c.obj (calloc)
c:/vsarm/armcc/102020~1/bin/../lib/gcc/arm-none-eabi/10.2.1/../../../../arm-none-eabi/lib/thumb/v6-m/nofp\libg.a(lib_a-callocr.o)
                              c:/vsarm/armcc/102020~1/bin/../lib/gcc/arm-none-eabi/10.2.1/../../../../arm-none-eabi/lib/thumb/v6-m/nofp\libg.a(lib_a-calloc.o) (_calloc_r)
c:/vsarm/armcc/102020~1/bin/../lib/gcc/arm-none-eabi/10.2.1/../../../../arm-none-eabi/lib/thumb/v6-m/nofp\libg.a(lib_a-impure.o)
                              c:/vsarm/armcc/102020~1/bin/../lib/gcc/arm-none-eabi/10.2.1/../../../../arm-none-eabi/lib/thumb/v6-m/nofp\libg.a(lib_a-calloc.o) (_impure_ptr)
c:/vsarm/armcc/102020~1/bin/../lib/gcc/arm-none-eabi/10.2.1/../../../../arm-none-eabi/lib/thumb/v6-m/nofp\libg.a(lib_a-init.o)
                              c:/vsarm/armcc/102020~1/bin/../lib/gcc/arm-none-eabi/10.2.1/../../../../arm-none-eabi/lib/thumb/v6-m/nofp/crt0.o (__libc_init_array)
c:/vsarm/armcc/102020~1/bin/../lib/gcc/arm-none-eabi/10.2.1/../../../../arm-none-eabi/lib/thumb/v6-m/nofp\libg.a(lib_a-malloc.o)
                              CMakeFiles/main.dir/C_/VSARM/sdk/pico/pico-sdk/src/rp2_common/pico_malloc/pico_malloc.c.obj (malloc)
c:/vsarm/armcc/102020~1/bin/../lib/gcc/arm-none-eabi/10.2.1/../../../../arm-none-eabi/lib/thumb/v6-m/nofp\libg.a(lib_a-mallocr.o)
                              c:/vsarm/armcc/102020~1/bin/../lib/gcc/arm-none-eabi/10.2.1/../../../../arm-none-eabi/lib/thumb/v6-m/nofp\libg.a(lib_a-callocr.o) (_malloc_r)
c:/vsarm/armcc/102020~1/bin/../lib/gcc/arm-none-eabi/10.2.1/../../../../arm-none-eabi/lib/thumb/v6-m/nofp\libg.a(lib_a-mlock.o)
                              c:/vsarm/armcc/102020~1/bin/../lib/gcc/arm-none-eabi/10.2.1/../../../../arm-none-eabi/lib/thumb/v6-m/nofp\libg.a(lib_a-mallocr.o) (__malloc_lock)
c:/vsarm/armcc/102020~1/bin/../lib/gcc/arm-none-eabi/10.2.1/../../../../arm-none-eabi/lib/thumb/v6-m/nofp\libg.a(lib_a-realloc.o)
                              CMakeFiles/main.dir/C_/VSARM/sdk/pico/pico-sdk/src/rp2_common/pico_malloc/pico_malloc.c.obj (realloc)
c:/vsarm/armcc/102020~1/bin/../lib/gcc/arm-none-eabi/10.2.1/../../../../arm-none-eabi/lib/thumb/v6-m/nofp\libg.a(lib_a-reallocr.o)
                              c:/vsarm/armcc/102020~1/bin/../lib/gcc/arm-none-eabi/10.2.1/../../../../arm-none-eabi/lib/thumb/v6-m/nofp\libg.a(lib_a-realloc.o) (_realloc_r)
c:/vsarm/armcc/102020~1/bin/../lib/gcc/arm-none-eabi/10.2.1/../../../../arm-none-eabi/lib/thumb/v6-m/nofp\libg.a(lib_a-sbrkr.o)
                              c:/vsarm/armcc/102020~1/bin/../lib/gcc/arm-none-eabi/10.2.1/../../../../arm-none-eabi/lib/thumb/v6-m/nofp\libg.a(lib_a-mallocr.o) (_sbrk_r)
c:/vsarm/armcc/102020~1/bin/../lib/gcc/arm-none-eabi/10.2.1/../../../../arm-none-eabi/lib/thumb/v6-m/nofp\libg.a(lib_a-strlen-stub.o)
                              CMakeFiles/main.dir/C_/VSARM/sdk/pico/pico-sdk/src/rp2_common/pico_stdio/stdio.c.obj (strlen)
c:/vsarm/armcc/102020~1/bin/../lib/gcc/arm-none-eabi/10.2.1/../../../../arm-none-eabi/lib/thumb/v6-m/nofp\libg.a(lib_a-freer.o)
                              c:/vsarm/armcc/102020~1/bin/../lib/gcc/arm-none-eabi/10.2.1/../../../../arm-none-eabi/lib/thumb/v6-m/nofp\libg.a(lib_a-malloc.o) (_free_r)
c:/vsarm/armcc/102020~1/bin/../lib/gcc/arm-none-eabi/10.2.1/../../../../arm-none-eabi/lib/thumb/v6-m/nofp\libg.a(lib_a-lock.o)
                              c:/vsarm/armcc/102020~1/bin/../lib/gcc/arm-none-eabi/10.2.1/../../../../arm-none-eabi/lib/thumb/v6-m/nofp\libg.a(lib_a-mlock.o) (__retarget_lock_acquire_recursive)
c:/vsarm/armcc/102020~1/bin/../lib/gcc/arm-none-eabi/10.2.1/../../../../arm-none-eabi/lib/thumb/v6-m/nofp\libg.a(lib_a-memmove.o)
                              c:/vsarm/armcc/102020~1/bin/../lib/gcc/arm-none-eabi/10.2.1/../../../../arm-none-eabi/lib/thumb/v6-m/nofp\libg.a(lib_a-reallocr.o) (memmove)
c:/vsarm/armcc/102020~1/bin/../lib/gcc/arm-none-eabi/10.2.1/../../../../arm-none-eabi/lib/thumb/v6-m/nofp\libg.a(lib_a-reent.o)
                              c:/vsarm/armcc/102020~1/bin/../lib/gcc/arm-none-eabi/10.2.1/../../../../arm-none-eabi/lib/thumb/v6-m/nofp\libg.a(lib_a-sbrkr.o) (errno)

Discarded input sections

 .text          0x00000000        0x0 c:/vsarm/armcc/102020~1/bin/../lib/gcc/arm-none-eabi/10.2.1/thumb/v6-m/nofp/crti.o
 .data          0x00000000        0x0 c:/vsarm/armcc/102020~1/bin/../lib/gcc/arm-none-eabi/10.2.1/thumb/v6-m/nofp/crti.o
[...]
Memory Configuration

Name             Origin             Length             Attributes
FLASH            0x10000000         0x00200000         xr
RAM              0x20000000         0x00040000         xrw
SCRATCH_X        0x20040000         0x00001000         xrw
SCRATCH_Y        0x20041000         0x00001000         xrw
*default*        0x00000000         0xffffffff

Linker script and memory map

LOAD c:/vsarm/armcc/102020~1/bin/../lib/gcc/arm-none-eabi/10.2.1/thumb/v6-m/nofp/crti.o
LOAD c:/vsarm/armcc/102020~1/bin/../lib/gcc/arm-none-eabi/10.2.1/thumb/v6-m/nofp/crtbegin.o
LOAD c:/vsarm/armcc/102020~1/bin/../lib/gcc/arm-none-eabi/10.2.1/../../../../arm-none-eabi/lib/thumb/v6-m/nofp/crt0.o

.flash_begin    0x10000000        0x0
                0x10000000                __flash_binary_start = .

.boot2          0x10000000      0x100
                0x10000000                __boot2_start__ = .
 *(.boot2)
 .boot2         0x10000000      0x100 C:\Users\DEDEAR~1\AppData\Local\Temp\ccix6x0t.o
                0x10000100                __boot2_end__ = .
                0x00000001                ASSERT (((__boot2_end__ - __boot2_start__) == 0x100), ERROR: Pico second stage bootloader must be 256 bytes in size)

.text           0x10000100     0x6c40
                0x10000100                __logical_binary_start = .
 *(.vectors)
 .vectors       0x10000100       0xd4 CMakeFiles/main.dir/C_/VSARM/sdk/pico/pico-sdk/src/rp2_common/pico_standard_link/crt0.S.obj
                0x10000100                __VECTOR_TABLE
                0x10000100                __vectors
                0x100001c0                isr_invalid
                0x100001c0                __default_isrs_start
                0x100001c2                isr_nmi
                0x100001c4                isr_hardfault
                0x100001c6                isr_svcall
                0x100001c8                isr_pendsv
                0x100001ca                isr_systick
                0x100001cc                isr_irq23
                0x100001cc                isr_irq18
                0x100001cc                isr_irq11
                0x100001cc                isr_irq28
                0x100001cc                isr_irq19
                0x100001cc                isr_irq0
                0x100001cc                isr_irq6
                0x100001cc                isr_irq5
                0x100001cc                isr_irq12
                0x100001cc                isr_irq22
                0x100001cc                isr_irq31
                0x100001cc                isr_irq17
                0x100001cc                isr_irq27
                0x100001cc                isr_irq30
                0x100001cc                isr_irq2
                0x100001cc                isr_irq10
                0x100001cc                isr_irq8
                0x100001cc                isr_irq24
                0x100001cc                isr_irq1
                0x100001cc                isr_irq7
                0x100001cc                isr_irq21
                0x100001cc                isr_irq20
                0x100001cc                isr_irq15
                0x100001cc                isr_irq25
                0x100001cc                isr_irq13
                0x100001cc                __unhandled_user_irq
                0x100001cc                isr_irq4
                0x100001cc                isr_irq16
                0x100001cc                isr_irq29
                0x100001cc                isr_irq26
                0x100001cc                __default_isrs_end
                0x100001cc                isr_irq3
                0x100001cc                isr_irq14
                0x100001cc                isr_irq9
                0x100001d2                unhandled_user_irq_num_in_r0
 *(.binary_info_header)
 .binary_info_header
                0x100001d4       0x14 CMakeFiles/main.dir/C_/VSARM/sdk/pico/pico-sdk/src/rp2_common/pico_standard_link/crt0.S.obj
                0x100001e8                __binary_info_header_end = .
 *(.reset)
 .reset         0x100001e8       0xa0 CMakeFiles/main.dir/C_/VSARM/sdk/pico/pico-sdk/src/rp2_common/pico_standard_link/crt0.S.obj
                0x100001e8                _entry_point
 .reset         0x10000288       0x30 CMakeFiles/main.dir/C_/VSARM/sdk/pico/pico-sdk/src/rp2_common/pico_standard_link/binary_info.c.obj
 *(.init)
 .init          0x100002b8        0x4 c:/vsarm/armcc/102020~1/bin/../lib/gcc/arm-none-eabi/10.2.1/thumb/v6-m/nofp/crti.o
                0x100002b8                _init
 *(EXCLUDE_FILE(*libm.a: *libc.a:*lib_a-mem*.o *libgcc.a:) .text*)
 .text          0x100002bc       0x48 c:/vsarm/armcc/102020~1/bin/../lib/gcc/arm-none-eabi/10.2.1/thumb/v6-m/nofp/crtbegin.o
 .text.main     0x10000304       0x1c CMakeFiles/main.dir/main.c.obj
                0x10000304                main
 .text.running_on_fpga
                0x10000320       0x14 CMakeFiles/main.dir/C_/VSARM/sdk/pico/pico-sdk/src/rp2_common/pico_platform/platform.c.obj
                0x10000320                running_on_fpga
 .text.hw_claim_lock
                0x10000334       0x18 CMakeFiles/main.dir/C_/VSARM/sdk/pico/pico-sdk/src/rp2_common/hardware_claim/claim.c.obj
                0x10000334                hw_claim_lock
 .text.hw_claim_unlock
                0x1000034c       0x14 CMakeFiles/main.dir/C_/VSARM/sdk/pico/pico-sdk/src/rp2_common/hardware_claim/claim.c.obj
                0x1000034c                hw_claim_unlock
 .text.hw_claim_or_assert
                0x10000360       0x32 CMakeFiles/main.dir/C_/VSARM/sdk/pico/pico-sdk/src/rp2_common/hardware_claim/claim.c.obj
                0x10000360                hw_claim_or_assert
 .text.hw_claim_unused_from_range
                0x10000392       0x50 CMakeFiles/main.dir/C_/VSARM/sdk/pico/pico-sdk/src/rp2_common/hardware_claim/claim.c.obj
                0x10000392                hw_claim_unused_from_range
 *fill*         0x100003e2        0x2 
 .text.spin_locks_reset
                0x100003e4       0x20 CMakeFiles/main.dir/C_/VSARM/sdk/pico/pico-sdk/src/rp2_common/hardware_sync/sync.c.obj
                0x100003e4                spin_locks_reset
 .text.next_striped_spin_lock_num
                0x10000404       0x1c CMakeFiles/main.dir/C_/VSARM/sdk/pico/pico-sdk/src/rp2_common/hardware_sync/sync.c.obj
                0x10000404                next_striped_spin_lock_num
 .text.spin_lock_claim_unused
                0x10000420       0x20 CMakeFiles/main.dir/C_/VSARM/sdk/pico/pico-sdk/src/rp2_common/hardware_sync/sync.c.obj
                0x10000420                spin_lock_claim_unused
 .text.set_raw_irq_handler_and_unlock
                0x10000440       0x28 CMakeFiles/main.dir/C_/VSARM/sdk/pico/pico-sdk/src/rp2_common/hardware_irq/irq.c.obj
 .text.make_branch
                0x10000468       0x48 CMakeFiles/main.dir/C_/VSARM/sdk/pico/pico-sdk/src/rp2_common/hardware_irq/irq.c.obj
 .text.insert_branch_and_link
                0x100004b0       0x40 CMakeFiles/main.dir/C_/VSARM/sdk/pico/pico-sdk/src/rp2_common/hardware_irq/irq.c.obj
 .text.irq_is_enabled
                0x100004f0       0x18 CMakeFiles/main.dir/C_/VSARM/sdk/pico/pico-sdk/src/rp2_common/hardware_irq/irq.c.obj
                0x100004f0                irq_is_enabled
 .text.irq_set_mask_enabled
                0x10000508       0x20 CMakeFiles/main.dir/C_/VSARM/sdk/pico/pico-sdk/src/rp2_common/hardware_irq/irq.c.obj
                0x10000508                irq_set_mask_enabled
 .text.irq_set_enabled
                0x10000528        0xe CMakeFiles/main.dir/C_/VSARM/sdk/pico/pico-sdk/src/rp2_common/hardware_irq/irq.c.obj
                0x10000528                irq_set_enabled
 *fill*         0x10000536        0x2 
 .text.irq_set_pending
                0x10000538       0x10 CMakeFiles/main.dir/C_/VSARM/sdk/pico/pico-sdk/src/rp2_common/hardware_irq/irq.c.obj
                0x10000538                irq_set_pending
 .text.irq_get_vtable_handler
                0x10000548       0x10 CMakeFiles/main.dir/C_/VSARM/sdk/pico/pico-sdk/src/rp2_common/hardware_irq/irq.c.obj
                0x10000548                irq_get_vtable_handler
 .text.irq_has_shared_handler
                0x10000558       0x24 CMakeFiles/main.dir/C_/VSARM/sdk/pico/pico-sdk/src/rp2_common/hardware_irq/irq.c.obj
                0x10000558                irq_has_shared_handler
 .text.irq_set_exclusive_handler
                0x1000057c       0x54 CMakeFiles/main.dir/C_/VSARM/sdk/pico/pico-sdk/src/rp2_common/hardware_irq/irq.c.obj
                0x1000057c                irq_set_exclusive_handler
 .text.irq_add_shared_handler
                0x100005d0      0x234 CMakeFiles/main.dir/C_/VSARM/sdk/pico/pico-sdk/src/rp2_common/hardware_irq/irq.c.obj
                0x100005d0                irq_add_shared_handler
 .text.irq_remove_handler
                0x10000804      0x1ac CMakeFiles/main.dir/C_/VSARM/sdk/pico/pico-sdk/src/rp2_common/hardware_irq/irq.c.obj
                0x10000804                irq_remove_handler
 .text.irq_add_tail_to_free_list
                0x100009b0       0xf0 CMakeFiles/main.dir/C_/VSARM/sdk/pico/pico-sdk/src/rp2_common/hardware_irq/irq.c.obj
                0x100009b0                irq_add_tail_to_free_list
 .text.irq_init_priorities
                0x10000aa0       0x1c CMakeFiles/main.dir/C_/VSARM/sdk/pico/pico-sdk/src/rp2_common/hardware_irq/irq.c.obj
                0x10000aa0                irq_init_priorities
 .text.user_irq_claim_unused
                0x10000abc       0x28 CMakeFiles/main.dir/C_/VSARM/sdk/pico/pico-sdk/src/rp2_common/hardware_irq/irq.c.obj
                0x10000abc                user_irq_claim_unused
 .text.lock_init
                0x10000ae4       0x10 CMakeFiles/main.dir/C_/VSARM/sdk/pico/pico-sdk/src/common/pico_sync/lock_core.c.obj
                0x10000ae4                lock_init
 .text.mutex_init
                0x10000af4       0x1a CMakeFiles/main.dir/C_/VSARM/sdk/pico/pico-sdk/src/common/pico_sync/mutex.c.obj
                0x10000af4                mutex_init
 .text.recursive_mutex_init
                0x10000b0e       0x1e CMakeFiles/main.dir/C_/VSARM/sdk/pico/pico-sdk/src/common/pico_sync/mutex.c.obj
                0x10000b0e                recursive_mutex_init
 .text.critical_section_init_with_lock_num
                0x10000b2c       0x14 CMakeFiles/main.dir/C_/VSARM/sdk/pico/pico-sdk/src/common/pico_sync/critical_section.c.obj
                0x10000b2c                critical_section_init_with_lock_num
 .text.critical_section_init
                0x10000b40       0x14 CMakeFiles/main.dir/C_/VSARM/sdk/pico/pico-sdk/src/common/pico_sync/critical_section.c.obj
                0x10000b40                critical_section_init
 .text.alarm_pool_post_alloc_init
                0x10000b54       0x40 CMakeFiles/main.dir/C_/VSARM/sdk/pico/pico-sdk/src/common/pico_time/time.c.obj
 .text.sleep_until_callback
                0x10000b94       0x30 CMakeFiles/main.dir/C_/VSARM/sdk/pico/pico-sdk/src/common/pico_time/time.c.obj
 .text.timer_pool_entry_comparator
                0x10000bc4       0x7c CMakeFiles/main.dir/C_/VSARM/sdk/pico/pico-sdk/src/common/pico_time/time.c.obj
                0x10000bc4                timer_pool_entry_comparator
 .text.ph_add_child_node
                0x10000c40       0xa4 CMakeFiles/main.dir/C_/VSARM/sdk/pico/pico-sdk/src/common/pico_time/time.c.obj
 .text.ph_merge_nodes
                0x10000ce4       0x3e CMakeFiles/main.dir/C_/VSARM/sdk/pico/pico-sdk/src/common/pico_time/time.c.obj
 *fill*         0x10000d22        0x2 
 .text.add_alarm_under_lock
                0x10000d24      0x174 CMakeFiles/main.dir/C_/VSARM/sdk/pico/pico-sdk/src/common/pico_time/time.c.obj
 .text.alarm_pool_alarm_callback
                0x10000e98      0x33c CMakeFiles/main.dir/C_/VSARM/sdk/pico/pico-sdk/src/common/pico_time/time.c.obj
 .text.alarm_pool_init_default
                0x100011d4       0x40 CMakeFiles/main.dir/C_/VSARM/sdk/pico/pico-sdk/src/common/pico_time/time.c.obj
                0x100011d4                alarm_pool_init_default
 .text.alarm_pool_get_default
                0x10001214       0x2c CMakeFiles/main.dir/C_/VSARM/sdk/pico/pico-sdk/src/common/pico_time/time.c.obj
                0x10001214                alarm_pool_get_default
 .text.alarm_pool_add_alarm_at
                0x10001240      0x168 CMakeFiles/main.dir/C_/VSARM/sdk/pico/pico-sdk/src/common/pico_time/time.c.obj
                0x10001240                alarm_pool_add_alarm_at
 .text.alarm_pool_cancel_alarm
                0x100013a8       0xf0 CMakeFiles/main.dir/C_/VSARM/sdk/pico/pico-sdk/src/common/pico_time/time.c.obj
                0x100013a8                alarm_pool_cancel_alarm
 .text.alarm_pool_core_num
                0x10001498        0x4 CMakeFiles/main.dir/C_/VSARM/sdk/pico/pico-sdk/src/common/pico_time/time.c.obj
                0x10001498                alarm_pool_core_num
 .text.sleep_until
                0x1000149c       0xfc CMakeFiles/main.dir/C_/VSARM/sdk/pico/pico-sdk/src/common/pico_time/time.c.obj
                0x1000149c                sleep_until
 .text.sleep_us
                0x10001598       0x58 CMakeFiles/main.dir/C_/VSARM/sdk/pico/pico-sdk/src/common/pico_time/time.c.obj
                0x10001598                sleep_us
 .text.sleep_ms
                0x100015f0       0x14 CMakeFiles/main.dir/C_/VSARM/sdk/pico/pico-sdk/src/common/pico_time/time.c.obj
                0x100015f0                sleep_ms
 .text.best_effort_wfe_or_timeout
                0x10001604       0xac CMakeFiles/main.dir/C_/VSARM/sdk/pico/pico-sdk/src/common/pico_time/time.c.obj
                0x10001604                best_effort_wfe_or_timeout
 .text.hardware_alarm_irq_handler
                0x100016b0       0x90 CMakeFiles/main.dir/C_/VSARM/sdk/pico/pico-sdk/src/rp2_common/hardware_timer/timer.c.obj
 .text.hardware_alarm_claim
                0x10001740       0x18 CMakeFiles/main.dir/C_/VSARM/sdk/pico/pico-sdk/src/rp2_common/hardware_timer/timer.c.obj
                0x10001740                hardware_alarm_claim
 .text.time_us_64
                0x10001758       0x18 CMakeFiles/main.dir/C_/VSARM/sdk/pico/pico-sdk/src/rp2_common/hardware_timer/timer.c.obj
                0x10001758                time_us_64
 .text.busy_wait_until
                0x10001770       0x28 CMakeFiles/main.dir/C_/VSARM/sdk/pico/pico-sdk/src/rp2_common/hardware_timer/timer.c.obj
                0x10001770                busy_wait_until
 .text.hardware_alarm_set_callback
                0x10001798       0x90 CMakeFiles/main.dir/C_/VSARM/sdk/pico/pico-sdk/src/rp2_common/hardware_timer/timer.c.obj
                0x10001798                hardware_alarm_set_callback
 .text.hardware_alarm_set_target
                0x10001828       0xe8 CMakeFiles/main.dir/C_/VSARM/sdk/pico/pico-sdk/src/rp2_common/hardware_timer/timer.c.obj
                0x10001828                hardware_alarm_set_target
 .text.hardware_alarm_cancel
                0x10001910       0x40 CMakeFiles/main.dir/C_/VSARM/sdk/pico/pico-sdk/src/rp2_common/hardware_timer/timer.c.obj
                0x10001910                hardware_alarm_cancel
 .text.ph_add_child_node
                0x10001950       0xa4 CMakeFiles/main.dir/C_/VSARM/sdk/pico/pico-sdk/src/common/pico_util/pheap.c.obj
 .text.ph_merge_nodes
                0x100019f4       0x3e CMakeFiles/main.dir/C_/VSARM/sdk/pico/pico-sdk/src/common/pico_util/pheap.c.obj
 *fill*         0x10001a32        0x2 
 .text.ph_clear
                0x10001a34       0x70 CMakeFiles/main.dir/C_/VSARM/sdk/pico/pico-sdk/src/common/pico_util/pheap.c.obj
                0x10001a34                ph_clear
 .text.ph_post_alloc_init
                0x10001aa4        0xe CMakeFiles/main.dir/C_/VSARM/sdk/pico/pico-sdk/src/common/pico_util/pheap.c.obj
                0x10001aa4                ph_post_alloc_init
 *fill*         0x10001ab2        0x2 
 .text.ph_merge_two_pass
                0x10001ab4       0xa8 CMakeFiles/main.dir/C_/VSARM/sdk/pico/pico-sdk/src/common/pico_util/pheap.c.obj
                0x10001ab4                ph_merge_two_pass
 .text.ph_remove_any_head
                0x10001b5c      0x128 CMakeFiles/main.dir/C_/VSARM/sdk/pico/pico-sdk/src/common/pico_util/pheap.c.obj
 .text.ph_remove_head
                0x10001c84       0x14 CMakeFiles/main.dir/C_/VSARM/sdk/pico/pico-sdk/src/common/pico_util/pheap.c.obj
                0x10001c84                ph_remove_head
 .text.ph_remove_and_free_node
                0x10001c98       0xf8 CMakeFiles/main.dir/C_/VSARM/sdk/pico/pico-sdk/src/common/pico_util/pheap.c.obj
                0x10001c98                ph_remove_and_free_node
 .text.clock_configure
                0x10001d90      0x104 CMakeFiles/main.dir/C_/VSARM/sdk/pico/pico-sdk/src/rp2_common/hardware_clocks/clocks.c.obj
                0x10001d90                clock_configure
 .text.clocks_init
                0x10001e94      0x100 CMakeFiles/main.dir/C_/VSARM/sdk/pico/pico-sdk/src/rp2_common/hardware_clocks/clocks.c.obj
                0x10001e94                clocks_init
 .text.pll_init
                0x10001f94      0x12c CMakeFiles/main.dir/C_/VSARM/sdk/pico/pico-sdk/src/rp2_common/hardware_pll/pll.c.obj
                0x10001f94                pll_init
 .text.watchdog_start_tick
                0x100020c0       0x10 CMakeFiles/main.dir/C_/VSARM/sdk/pico/pico-sdk/src/rp2_common/hardware_watchdog/watchdog.c.obj
                0x100020c0                watchdog_start_tick
 .text.watchdog_update
                0x100020d0       0x14 CMakeFiles/main.dir/C_/VSARM/sdk/pico/pico-sdk/src/rp2_common/hardware_watchdog/watchdog.c.obj
                0x100020d0                watchdog_update
 .text._watchdog_enable
                0x100020e4       0x78 CMakeFiles/main.dir/C_/VSARM/sdk/pico/pico-sdk/src/rp2_common/hardware_watchdog/watchdog.c.obj
                0x100020e4                _watchdog_enable
 .text.watchdog_reboot
                0x1000215c       0x48 CMakeFiles/main.dir/C_/VSARM/sdk/pico/pico-sdk/src/rp2_common/hardware_watchdog/watchdog.c.obj
                0x1000215c                watchdog_reboot
 .text.xosc_init
                0x100021a4       0x28 CMakeFiles/main.dir/C_/VSARM/sdk/pico/pico-sdk/src/rp2_common/hardware_xosc/xosc.c.obj
                0x100021a4                xosc_init
 .text._exit    0x100021cc        0x4 CMakeFiles/main.dir/C_/VSARM/sdk/pico/pico-sdk/src/rp2_common/pico_runtime/runtime.c.obj
                0x100021cc                _exit
 .text.exit     0x100021d0        0x6 CMakeFiles/main.dir/C_/VSARM/sdk/pico/pico-sdk/src/rp2_common/pico_runtime/runtime.c.obj
                0x100021d0                exit
 *fill*         0x100021d6        0x2 
 .text.__assert_func
                0x100021d8       0x3c CMakeFiles/main.dir/C_/VSARM/sdk/pico/pico-sdk/src/rp2_common/pico_runtime/runtime.c.obj
                0x100021d8                __assert_func
 .text.runtime_init
                0x10002214       0xf8 CMakeFiles/main.dir/C_/VSARM/sdk/pico/pico-sdk/src/rp2_common/pico_runtime/runtime.c.obj
                0x10002214                runtime_init
 .text.panic    0x1000230c       0x30 CMakeFiles/main.dir/C_/VSARM/sdk/pico/pico-sdk/src/rp2_common/pico_runtime/runtime.c.obj
                0x1000230c                panic
 .text._out_null
                0x1000233c        0x2 CMakeFiles/main.dir/C_/VSARM/sdk/pico/pico-sdk/src/rp2_common/pico_printf/printf.c.obj
 .text._out_fct
                0x1000233e        0xe CMakeFiles/main.dir/C_/VSARM/sdk/pico/pico-sdk/src/rp2_common/pico_printf/printf.c.obj
 .text._atoi    0x1000234c       0x24 CMakeFiles/main.dir/C_/VSARM/sdk/pico/pico-sdk/src/rp2_common/pico_printf/printf.c.obj
 .text._out_rev
                0x10002370       0xae CMakeFiles/main.dir/C_/VSARM/sdk/pico/pico-sdk/src/rp2_common/pico_printf/printf.c.obj
 .text._ntoa_format
                0x1000241e      0x112 CMakeFiles/main.dir/C_/VSARM/sdk/pico/pico-sdk/src/rp2_common/pico_printf/printf.c.obj
 .text._ntoa_long
                0x10002530       0xbc CMakeFiles/main.dir/C_/VSARM/sdk/pico/pico-sdk/src/rp2_common/pico_printf/printf.c.obj
 .text._ntoa_long_long
                0x100025ec       0xe2 CMakeFiles/main.dir/C_/VSARM/sdk/pico/pico-sdk/src/rp2_common/pico_printf/printf.c.obj
 *fill*         0x100026ce        0x2 
 .text._etoa    0x100026d0      0x414 CMakeFiles/main.dir/C_/VSARM/sdk/pico/pico-sdk/src/rp2_common/pico_printf/printf.c.obj
 .text._ftoa    0x10002ae4      0x354 CMakeFiles/main.dir/C_/VSARM/sdk/pico/pico-sdk/src/rp2_common/pico_printf/printf.c.obj
 .text._vsnprintf
                0x10002e38      0x624 CMakeFiles/main.dir/C_/VSARM/sdk/pico/pico-sdk/src/rp2_common/pico_printf/printf.c.obj
 .text.vfctprintf
                0x1000345c       0x20 CMakeFiles/main.dir/C_/VSARM/sdk/pico/pico-sdk/src/rp2_common/pico_printf/printf.c.obj
                0x1000345c                vfctprintf
 .text          0x1000347c       0x10 CMakeFiles/main.dir/C_/VSARM/sdk/pico/pico-sdk/src/rp2_common/pico_bit_ops/bit_ops_aeabi.S.obj
 .text.rom_func_lookup
                0x1000348c       0x10 CMakeFiles/main.dir/C_/VSARM/sdk/pico/pico-sdk/src/rp2_common/pico_bootrom/bootrom.c.obj
                0x1000348c                rom_func_lookup
 .text.rom_data_lookup
                0x1000349c       0x10 CMakeFiles/main.dir/C_/VSARM/sdk/pico/pico-sdk/src/rp2_common/pico_bootrom/bootrom.c.obj
                0x1000349c                rom_data_lookup
 .text.rom_funcs_lookup
                0x100034ac       0x36 CMakeFiles/main.dir/C_/VSARM/sdk/pico/pico-sdk/src/rp2_common/pico_bootrom/bootrom.c.obj
                0x100034ac                rom_funcs_lookup
 *fill*         0x100034e2        0x2 
 .text.__wrap___aeabi_idiv
                0x100034e4       0x50 CMakeFiles/main.dir/C_/VSARM/sdk/pico/pico-sdk/src/rp2_common/pico_divider/divider.S.obj
                0x100034e4                __wrap___aeabi_idivmod
                0x100034e4                divmod_s32s32
                0x100034e4                div_s32s32
                0x100034e4                __wrap___aeabi_idiv
                0x100034ec                divmod_s32s32_unsafe
                0x10003518                divmod_s32s32_savestate
 .text.__wrap___aeabi_uidiv
                0x10003534       0x4c CMakeFiles/main.dir/C_/VSARM/sdk/pico/pico-sdk/src/rp2_common/pico_divider/divider.S.obj
                0x10003534                __wrap___aeabi_uidiv
                0x10003534                __wrap___aeabi_uidivmod
                0x10003534                div_u32u32
                0x10003534                divmod_u32u32
                0x1000353c                divmod_u32u32_unsafe
                0x10003564                divmod_u32u32_savestate
 .text.__wrap___aeabi_ldiv
                0x10003580      0x424 CMakeFiles/main.dir/C_/VSARM/sdk/pico/pico-sdk/src/rp2_common/pico_divider/divider.S.obj
                0x10003580                div_s64s64
                0x10003580                divmod_s64s64
                0x10003580                __wrap___aeabi_ldivmod
                0x100035b0                divmod_u64u64
                0x100035b0                div_u64u64
                0x100035b0                __wrap___aeabi_uldivmod
                0x100035c0                divmod_u64u64_savestate
                0x100035e0                divmod_s64s64_unsafe
                0x10003668                divmod_u64u64_unsafe
 .text.__wrap___aeabi_darithmetic
                0x100039a4       0x80 CMakeFiles/main.dir/C_/VSARM/sdk/pico/pico-sdk/src/rp2_common/pico_double/double_aeabi.S.obj
                0x100039a4                __wrap___aeabi_drsub
                0x100039aa                __wrap___aeabi_dsub
                0x100039bc                __wrap___aeabi_dadd
                0x100039ce                __wrap___aeabi_ddiv
                0x10003a0a                __wrap___aeabi_dmul
 .text.__wrap___aeabi_cdcmple
                0x10003a24       0x6c CMakeFiles/main.dir/C_/VSARM/sdk/pico/pico-sdk/src/rp2_common/pico_double/double_aeabi.S.obj
                0x10003a24                __wrap___aeabi_cdrcmple
                0x10003a34                __wrap___aeabi_cdcmpeq
                0x10003a34                __wrap___aeabi_cdcmple
 .text.__wrap___aeabi_dcmplt
                0x10003a90        0xc CMakeFiles/main.dir/C_/VSARM/sdk/pico/pico-sdk/src/rp2_common/pico_double/double_aeabi.S.obj
                0x10003a90                __wrap___aeabi_dcmplt
 .text.__wrap___aeabi_dcmple
                0x10003a9c       0x10 CMakeFiles/main.dir/C_/VSARM/sdk/pico/pico-sdk/src/rp2_common/pico_double/double_aeabi.S.obj
                0x10003a9c                __wrap___aeabi_dcmple
 .text.__wrap___aeabi_dcmpge
                0x10003aac       0x10 CMakeFiles/main.dir/C_/VSARM/sdk/pico/pico-sdk/src/rp2_common/pico_double/double_aeabi.S.obj
                0x10003aac                __wrap___aeabi_dcmpge
 .text.__wrap___aeabi_dcmpgt
                0x10003abc        0xa CMakeFiles/main.dir/C_/VSARM/sdk/pico/pico-sdk/src/rp2_common/pico_double/double_aeabi.S.obj
                0x10003abc                __wrap___aeabi_dcmpgt
 .text.__wrap___aeabi_dcmpun
                0x10003ac6       0x1c CMakeFiles/main.dir/C_/VSARM/sdk/pico/pico-sdk/src/rp2_common/pico_double/double_aeabi.S.obj
                0x10003ac6                __wrap___aeabi_dcmpun
 *fill*         0x10003ae2        0x2 
 .text.__wrap___aeabi_i2d
                0x10003ae4       0x38 CMakeFiles/main.dir/C_/VSARM/sdk/pico/pico-sdk/src/rp2_common/pico_double/double_aeabi.S.obj
                0x10003ae4                __wrap___aeabi_ui2d
                0x10003aec                __wrap___aeabi_i2d
 .text.__wrap___aeabi_d2iz
                0x10003b1c       0x48 CMakeFiles/main.dir/C_/VSARM/sdk/pico/pico-sdk/src/rp2_common/pico_double/double_aeabi.S.obj
                0x10003b1c                double2int_z
                0x10003b1c                __wrap___aeabi_d2iz
 .text.__wrap___aeabi_d2uiz
                0x10003b64       0x18 CMakeFiles/main.dir/C_/VSARM/sdk/pico/pico-sdk/src/rp2_common/pico_double/double_aeabi.S.obj
                0x10003b64                __wrap___aeabi_d2uiz
                0x10003b64                double2uint
 .text.__aeabi_double_init
                0x10003b7c       0xc8 CMakeFiles/main.dir/C_/VSARM/sdk/pico/pico-sdk/src/rp2_common/pico_double/double_init_rom.c.obj
                0x10003b7c                __aeabi_double_init
 .text.double_table_shim_on_use_helper
                0x10003c44       0x34 CMakeFiles/main.dir/C_/VSARM/sdk/pico/pico-sdk/src/rp2_common/pico_double/double_v1_rom_shim.S.obj
                0x10003c44                double_table_shim_on_use_helper
 .text.__wrap___aeabi_dsub
                0x10003c78       0x10 CMakeFiles/main.dir/C_/VSARM/sdk/pico/pico-sdk/src/rp2_common/pico_double/double_v1_rom_shim.S.obj
                0x10003c78                drsub_shim
                0x10003c7e                dsub_shim
 .text.dadd_shim
                0x10003c88      0x15c CMakeFiles/main.dir/C_/VSARM/sdk/pico/pico-sdk/src/rp2_common/pico_double/double_v1_rom_shim.S.obj
                0x10003c88                dadd_shim
 .text.dmul_shim
                0x10003de4      0x15c CMakeFiles/main.dir/C_/VSARM/sdk/pico/pico-sdk/src/rp2_common/pico_double/double_v1_rom_shim.S.obj
                0x10003de4                dmul_shim
 .text.ddiv_shim
                0x10003f40      0x1b0 CMakeFiles/main.dir/C_/VSARM/sdk/pico/pico-sdk/src/rp2_common/pico_double/double_v1_rom_shim.S.obj
                0x10003f40                ddiv_shim
 .text.double2uint_shim
                0x100040f0        0xe CMakeFiles/main.dir/C_/VSARM/sdk/pico/pico-sdk/src/rp2_common/pico_double/double_v1_rom_shim.S.obj
                0x100040f0                double2uint_shim
                0x100040f2                double2ufix_shim
 *fill*         0x100040fe        0x2 
 .text.double2uint64_shim
                0x10004100       0x70 CMakeFiles/main.dir/C_/VSARM/sdk/pico/pico-sdk/src/rp2_common/pico_double/double_v1_rom_shim.S.obj
                0x10004100                double2uint64_shim
                0x10004102                double2ufix64_shim
                0x10004122                d2fix_a
 .text.dunpacks
                0x10004170       0x3c CMakeFiles/main.dir/C_/VSARM/sdk/pico/pico-sdk/src/rp2_common/pico_double/double_v1_rom_shim.S.obj
                0x10004170                dunpacks
 .text.__aeabi_lmul
                0x100041ac       0x32 CMakeFiles/main.dir/C_/VSARM/sdk/pico/pico-sdk/src/rp2_common/pico_int64_ops/pico_int64_ops_aeabi.S.obj
                0x100041ac                __wrap___aeabi_lmul
 *fill*         0x100041de        0x2 
 .text.__aeabi_float_init
                0x100041e0       0xfc CMakeFiles/main.dir/C_/VSARM/sdk/pico/pico-sdk/src/rp2_common/pico_float/float_init_rom.c.obj
                0x100041e0                __aeabi_float_init
 .text.float_table_shim_on_use_helper
                0x100042dc       0x34 CMakeFiles/main.dir/C_/VSARM/sdk/pico/pico-sdk/src/rp2_common/pico_float/float_v1_rom_shim.S.obj
                0x100042dc                float_table_shim_on_use_helper
 .text          0x10004310       0x10 CMakeFiles/main.dir/C_/VSARM/sdk/pico/pico-sdk/src/rp2_common/pico_mem_ops/mem_ops_aeabi.S.obj
                0x10004310                __aeabi_mem_init
 .text.memset   0x10004320        0xc CMakeFiles/main.dir/C_/VSARM/sdk/pico/pico-sdk/src/rp2_common/pico_mem_ops/mem_ops_aeabi.S.obj
                0x10004320                __wrap_memset
 .text.memcpy   0x1000432c        0xc CMakeFiles/main.dir/C_/VSARM/sdk/pico/pico-sdk/src/rp2_common/pico_mem_ops/mem_ops_aeabi.S.obj
                0x1000432c                __wrap_memcpy
                0x1000432c                __wrap___aeabi_memcpy
 .text.stdio_out_chars_no_crlf
                0x10004338        0xe CMakeFiles/main.dir/C_/VSARM/sdk/pico/pico-sdk/src/rp2_common/pico_stdio/stdio.c.obj
 *fill*         0x10004346        0x2 
 .text.stdio_out_chars_crlf
                0x10004348       0x80 CMakeFiles/main.dir/C_/VSARM/sdk/pico/pico-sdk/src/rp2_common/pico_stdio/stdio.c.obj
 .text.stdio_stack_buffer_flush
                0x100043c8       0x44 CMakeFiles/main.dir/C_/VSARM/sdk/pico/pico-sdk/src/rp2_common/pico_stdio/stdio.c.obj
 .text.stdio_buffered_printer
                0x1000440c       0x20 CMakeFiles/main.dir/C_/VSARM/sdk/pico/pico-sdk/src/rp2_common/pico_stdio/stdio.c.obj
 .text.stdout_serialize_begin
                0x1000442c       0x5c CMakeFiles/main.dir/C_/VSARM/sdk/pico/pico-sdk/src/rp2_common/pico_stdio/stdio.c.obj
                0x1000442c                stdout_serialize_begin
 .text.stdout_serialize_end
                0x10004488       0x10 CMakeFiles/main.dir/C_/VSARM/sdk/pico/pico-sdk/src/rp2_common/pico_stdio/stdio.c.obj
                0x10004488                stdout_serialize_end
 .text.stdio_put_string
                0x10004498       0x98 CMakeFiles/main.dir/C_/VSARM/sdk/pico/pico-sdk/src/rp2_common/pico_stdio/stdio.c.obj
 .text.stdio_set_driver_enabled
                0x10004530       0x2c CMakeFiles/main.dir/C_/VSARM/sdk/pico/pico-sdk/src/rp2_common/pico_stdio/stdio.c.obj
                0x10004530                stdio_set_driver_enabled
 .text.stdio_flush
                0x1000455c       0x20 CMakeFiles/main.dir/C_/VSARM/sdk/pico/pico-sdk/src/rp2_common/pico_stdio/stdio.c.obj
                0x1000455c                stdio_flush
 .text.__wrap_puts
                0x1000457c       0x1e CMakeFiles/main.dir/C_/VSARM/sdk/pico/pico-sdk/src/rp2_common/pico_stdio/stdio.c.obj
                0x1000457c                __wrap_puts
 *fill*         0x1000459a        0x2 
 .text.__wrap_vprintf
                0x1000459c       0x40 CMakeFiles/main.dir/C_/VSARM/sdk/pico/pico-sdk/src/rp2_common/pico_stdio/stdio.c.obj
                0x1000459c                __wrap_vprintf
 .text.__wrap_printf
                0x100045dc       0x18 CMakeFiles/main.dir/C_/VSARM/sdk/pico/pico-sdk/src/rp2_common/pico_stdio/stdio.c.obj
                0x100045dc                __wrap_printf
 .text.stdio_init_all
                0x100045f4        0x8 CMakeFiles/main.dir/C_/VSARM/sdk/pico/pico-sdk/src/rp2_common/pico_stdio/stdio.c.obj
                0x100045f4                stdio_init_all
 .text.resetd_init
                0x100045fc        0x2 CMakeFiles/main.dir/C_/VSARM/sdk/pico/pico-sdk/src/rp2_common/pico_stdio_usb/reset_interface.c.obj
 *fill*         0x100045fe        0x2 
 .text.resetd_reset
                0x10004600        0xc CMakeFiles/main.dir/C_/VSARM/sdk/pico/pico-sdk/src/rp2_common/pico_stdio_usb/reset_interface.c.obj
 .text.resetd_open
                0x1000460c       0x34 CMakeFiles/main.dir/C_/VSARM/sdk/pico/pico-sdk/src/rp2_common/pico_stdio_usb/reset_interface.c.obj
 .text.resetd_xfer_cb
                0x10004640        0x4 CMakeFiles/main.dir/C_/VSARM/sdk/pico/pico-sdk/src/rp2_common/pico_stdio_usb/reset_interface.c.obj
 .text.reset_usb_boot
                0x10004644       0x18 CMakeFiles/main.dir/C_/VSARM/sdk/pico/pico-sdk/src/rp2_common/pico_stdio_usb/reset_interface.c.obj
 .text.resetd_control_xfer_cb
                0x1000465c       0x5c CMakeFiles/main.dir/C_/VSARM/sdk/pico/pico-sdk/src/rp2_common/pico_stdio_usb/reset_interface.c.obj
 .text.usbd_app_driver_get_cb
                0x100046b8        0xc CMakeFiles/main.dir/C_/VSARM/sdk/pico/pico-sdk/src/rp2_common/pico_stdio_usb/reset_interface.c.obj
                0x100046b8                usbd_app_driver_get_cb
 .text.tud_cdc_line_coding_cb
                0x100046c4       0x28 CMakeFiles/main.dir/C_/VSARM/sdk/pico/pico-sdk/src/rp2_common/pico_stdio_usb/reset_interface.c.obj
                0x100046c4                tud_cdc_line_coding_cb
 .text.stdio_usb_set_chars_available_callback
                0x100046ec       0x14 CMakeFiles/main.dir/C_/VSARM/sdk/pico/pico-sdk/src/rp2_common/pico_stdio_usb/stdio_usb.c.obj
                0x100046ec                stdio_usb_set_chars_available_callback
 .text.usb_irq  0x10004700       0x10 CMakeFiles/main.dir/C_/VSARM/sdk/pico/pico-sdk/src/rp2_common/pico_stdio_usb/stdio_usb.c.obj
 .text.timer_task
                0x10004710       0x58 CMakeFiles/main.dir/C_/VSARM/sdk/pico/pico-sdk/src/rp2_common/pico_stdio_usb/stdio_usb.c.obj
 .text.low_priority_worker_irq
                0x10004768       0xd8 CMakeFiles/main.dir/C_/VSARM/sdk/pico/pico-sdk/src/rp2_common/pico_stdio_usb/stdio_usb.c.obj
 .text.tud_cdc_rx_cb
                0x10004840       0x20 CMakeFiles/main.dir/C_/VSARM/sdk/pico/pico-sdk/src/rp2_common/pico_stdio_usb/stdio_usb.c.obj
                0x10004840                tud_cdc_rx_cb
 .text.stdio_usb_init
                0x10004860      0x12c CMakeFiles/main.dir/C_/VSARM/sdk/pico/pico-sdk/src/rp2_common/pico_stdio_usb/stdio_usb.c.obj
                0x10004860                stdio_usb_init
 .text.stdio_usb_connected
                0x1000498c        0xa CMakeFiles/main.dir/C_/VSARM/sdk/pico/pico-sdk/src/rp2_common/pico_stdio_usb/stdio_usb.c.obj
                0x1000498c                stdio_usb_connected
 *fill*         0x10004996        0x2 
 .text.stdio_usb_in_chars
                0x10004998       0xc4 CMakeFiles/main.dir/C_/VSARM/sdk/pico/pico-sdk/src/rp2_common/pico_stdio_usb/stdio_usb.c.obj
                0x10004998                stdio_usb_in_chars
 .text.stdio_usb_out_chars
                0x10004a5c      0x114 CMakeFiles/main.dir/C_/VSARM/sdk/pico/pico-sdk/src/rp2_common/pico_stdio_usb/stdio_usb.c.obj
 .text.tud_descriptor_device_cb
                0x10004b70        0x8 CMakeFiles/main.dir/C_/VSARM/sdk/pico/pico-sdk/src/rp2_common/pico_stdio_usb/stdio_usb_descriptors.c.obj
                0x10004b70                tud_descriptor_device_cb
 .text.tud_descriptor_configuration_cb
                0x10004b78        0x8 CMakeFiles/main.dir/C_/VSARM/sdk/pico/pico-sdk/src/rp2_common/pico_stdio_usb/stdio_usb_descriptors.c.obj
                0x10004b78                tud_descriptor_configuration_cb
 .text.tud_descriptor_string_cb
                0x10004b80       0x6c CMakeFiles/main.dir/C_/VSARM/sdk/pico/pico-sdk/src/rp2_common/pico_stdio_usb/stdio_usb_descriptors.c.obj
                0x10004b80                tud_descriptor_string_cb
 .text._retrieve_unique_id_on_boot
                0x10004bec       0x10 CMakeFiles/main.dir/C_/VSARM/sdk/pico/pico-sdk/src/rp2_common/pico_unique_id/unique_id.c.obj
 .text.pico_get_unique_board_id_string
                0x10004bfc       0x60 CMakeFiles/main.dir/C_/VSARM/sdk/pico/pico-sdk/src/rp2_common/pico_unique_id/unique_id.c.obj
                0x10004bfc                pico_get_unique_board_id_string
 .text.flash_get_unique_id
                0x10004c5c       0x46 CMakeFiles/main.dir/C_/VSARM/sdk/pico/pico-sdk/src/rp2_common/hardware_flash/flash.c.obj
                0x10004c5c                flash_get_unique_id
 *fill*         0x10004ca2        0x2 
 .text.hw_endpoint_get_by_addr
                0x10004ca4       0x18 CMakeFiles/main.dir/C_/VSARM/sdk/pico/pico-sdk/lib/tinyusb/src/portable/raspberrypi/rp2040/dcd_rp2040.c.obj
 .text._hw_endpoint_alloc
                0x10004cbc       0x70 CMakeFiles/main.dir/C_/VSARM/sdk/pico/pico-sdk/lib/tinyusb/src/portable/raspberrypi/rp2040/dcd_rp2040.c.obj
 .text.hw_endpoint_init
                0x10004d2c       0x88 CMakeFiles/main.dir/C_/VSARM/sdk/pico/pico-sdk/lib/tinyusb/src/portable/raspberrypi/rp2040/dcd_rp2040.c.obj
 .text.hw_endpoint_xfer
                0x10004db4       0x14 CMakeFiles/main.dir/C_/VSARM/sdk/pico/pico-sdk/lib/tinyusb/src/portable/raspberrypi/rp2040/dcd_rp2040.c.obj
 .text.dcd_int_enable
                0x10004dc8       0x2c CMakeFiles/main.dir/C_/VSARM/sdk/pico/pico-sdk/lib/tinyusb/src/portable/raspberrypi/rp2040/dcd_rp2040.c.obj
                0x10004dc8                dcd_int_enable
 .text.dcd_set_address
                0x10004df4       0x2c CMakeFiles/main.dir/C_/VSARM/sdk/pico/pico-sdk/lib/tinyusb/src/portable/raspberrypi/rp2040/dcd_rp2040.c.obj
                0x10004df4                dcd_set_address
 .text.dcd_connect
                0x10004e20       0x10 CMakeFiles/main.dir/C_/VSARM/sdk/pico/pico-sdk/lib/tinyusb/src/portable/raspberrypi/rp2040/dcd_rp2040.c.obj
                0x10004e20                dcd_connect
 .text.dcd_init
                0x10004e30       0x80 CMakeFiles/main.dir/C_/VSARM/sdk/pico/pico-sdk/lib/tinyusb/src/portable/raspberrypi/rp2040/dcd_rp2040.c.obj
                0x10004e30                dcd_init
 .text.dcd_edpt0_status_complete
                0x10004eb0       0x1c CMakeFiles/main.dir/C_/VSARM/sdk/pico/pico-sdk/lib/tinyusb/src/portable/raspberrypi/rp2040/dcd_rp2040.c.obj
                0x10004eb0                dcd_edpt0_status_complete
 .text.dcd_edpt_open
                0x10004ecc       0x40 CMakeFiles/main.dir/C_/VSARM/sdk/pico/pico-sdk/lib/tinyusb/src/portable/raspberrypi/rp2040/dcd_rp2040.c.obj
                0x10004ecc                dcd_edpt_open
 .text.dcd_edpt_close_all
                0x10004f0c        0x8 CMakeFiles/main.dir/C_/VSARM/sdk/pico/pico-sdk/lib/tinyusb/src/portable/raspberrypi/rp2040/dcd_rp2040.c.obj
                0x10004f0c                dcd_edpt_close_all
 .text.dcd_edpt_xfer
                0x10004f14       0x34 CMakeFiles/main.dir/C_/VSARM/sdk/pico/pico-sdk/lib/tinyusb/src/portable/raspberrypi/rp2040/dcd_rp2040.c.obj
                0x10004f14                dcd_edpt_xfer
 .text.dcd_edpt_stall
                0x10004f48       0x2c CMakeFiles/main.dir/C_/VSARM/sdk/pico/pico-sdk/lib/tinyusb/src/portable/raspberrypi/rp2040/dcd_rp2040.c.obj
                0x10004f48                dcd_edpt_stall
 .text.dcd_edpt_clear_stall
                0x10004f74       0x20 CMakeFiles/main.dir/C_/VSARM/sdk/pico/pico-sdk/lib/tinyusb/src/portable/raspberrypi/rp2040/dcd_rp2040.c.obj
                0x10004f74                dcd_edpt_clear_stall
 .text.rp2040_usb_init
                0x10004f94       0x4c CMakeFiles/main.dir/C_/VSARM/sdk/pico/pico-sdk/lib/tinyusb/src/portable/raspberrypi/rp2040/rp2040_usb.c.obj
                0x10004f94                rp2040_usb_init
 .text.hw_endpoint_xfer_start
                0x10004fe0       0x50 CMakeFiles/main.dir/C_/VSARM/sdk/pico/pico-sdk/lib/tinyusb/src/portable/raspberrypi/rp2040/rp2040_usb.c.obj
                0x10004fe0                hw_endpoint_xfer_start
 .text.configuration_reset
                0x10005030       0x84 CMakeFiles/main.dir/C_/VSARM/sdk/pico/pico-sdk/lib/tinyusb/src/device/usbd.c.obj
 .text.usbd_reset
                0x100050b4        0xc CMakeFiles/main.dir/C_/VSARM/sdk/pico/pico-sdk/lib/tinyusb/src/device/usbd.c.obj
 .text.invoke_class_control
                0x100050c0       0x1a CMakeFiles/main.dir/C_/VSARM/sdk/pico/pico-sdk/lib/tinyusb/src/device/usbd.c.obj
 *fill*         0x100050da        0x2 
 .text.process_set_config
                0x100050dc      0x178 CMakeFiles/main.dir/C_/VSARM/sdk/pico/pico-sdk/lib/tinyusb/src/device/usbd.c.obj
 .text.process_get_descriptor
                0x10005254       0xdc CMakeFiles/main.dir/C_/VSARM/sdk/pico/pico-sdk/lib/tinyusb/src/device/usbd.c.obj
 .text.tud_mounted
                0x10005330       0x10 CMakeFiles/main.dir/C_/VSARM/sdk/pico/pico-sdk/lib/tinyusb/src/device/usbd.c.obj
                0x10005330                tud_mounted
 .text.tud_suspended
                0x10005340       0x10 CMakeFiles/main.dir/C_/VSARM/sdk/pico/pico-sdk/lib/tinyusb/src/device/usbd.c.obj
                0x10005340                tud_suspended
 .text.tud_inited
                0x10005350       0x14 CMakeFiles/main.dir/C_/VSARM/sdk/pico/pico-sdk/lib/tinyusb/src/device/usbd.c.obj
                0x10005350                tud_inited
 .text.tud_init
                0x10005364       0xcc CMakeFiles/main.dir/C_/VSARM/sdk/pico/pico-sdk/lib/tinyusb/src/device/usbd.c.obj
                0x10005364                tud_init
 .text.usbd_defer_func
                0x10005430       0x2a CMakeFiles/main.dir/C_/VSARM/sdk/pico/pico-sdk/lib/tinyusb/src/device/usbd.c.obj
                0x10005430                usbd_defer_func
 *fill*         0x1000545a        0x2 
 .text.usbd_edpt_open
                0x1000545c       0x34 CMakeFiles/main.dir/C_/VSARM/sdk/pico/pico-sdk/lib/tinyusb/src/device/usbd.c.obj
                0x1000545c                usbd_edpt_open
 .text.usbd_open_edpt_pair
                0x10005490       0x62 CMakeFiles/main.dir/C_/VSARM/sdk/pico/pico-sdk/lib/tinyusb/src/device/usbd.c.obj
                0x10005490                usbd_open_edpt_pair
 *fill*         0x100054f2        0x2 
 .text.usbd_edpt_claim
                0x100054f4       0x28 CMakeFiles/main.dir/C_/VSARM/sdk/pico/pico-sdk/lib/tinyusb/src/device/usbd.c.obj
                0x100054f4                usbd_edpt_claim
 .text.usbd_edpt_release
                0x1000551c       0x28 CMakeFiles/main.dir/C_/VSARM/sdk/pico/pico-sdk/lib/tinyusb/src/device/usbd.c.obj
                0x1000551c                usbd_edpt_release
 .text.usbd_edpt_xfer
                0x10005544       0x78 CMakeFiles/main.dir/C_/VSARM/sdk/pico/pico-sdk/lib/tinyusb/src/device/usbd.c.obj
                0x10005544                usbd_edpt_xfer
 .text.usbd_edpt_stall
                0x100055bc       0x48 CMakeFiles/main.dir/C_/VSARM/sdk/pico/pico-sdk/lib/tinyusb/src/device/usbd.c.obj
                0x100055bc                usbd_edpt_stall
 .text.usbd_edpt_clear_stall
                0x10005604       0x48 CMakeFiles/main.dir/C_/VSARM/sdk/pico/pico-sdk/lib/tinyusb/src/device/usbd.c.obj
                0x10005604                usbd_edpt_clear_stall
 .text.usbd_edpt_stalled
                0x1000564c       0x1c CMakeFiles/main.dir/C_/VSARM/sdk/pico/pico-sdk/lib/tinyusb/src/device/usbd.c.obj
                0x1000564c                usbd_edpt_stalled
 .text.process_control_request
                0x10005668      0x37c CMakeFiles/main.dir/C_/VSARM/sdk/pico/pico-sdk/lib/tinyusb/src/device/usbd.c.obj
 .text.tud_task_ext
                0x100059e4      0x1b4 CMakeFiles/main.dir/C_/VSARM/sdk/pico/pico-sdk/lib/tinyusb/src/device/usbd.c.obj
                0x100059e4                tud_task_ext
 .text._data_stage_xact
                0x10005b98       0x58 CMakeFiles/main.dir/C_/VSARM/sdk/pico/pico-sdk/lib/tinyusb/src/device/usbd_control.c.obj
 .text.tud_control_status
                0x10005bf0       0x38 CMakeFiles/main.dir/C_/VSARM/sdk/pico/pico-sdk/lib/tinyusb/src/device/usbd_control.c.obj
                0x10005bf0                tud_control_status
 .text.tud_control_xfer
                0x10005c28       0x74 CMakeFiles/main.dir/C_/VSARM/sdk/pico/pico-sdk/lib/tinyusb/src/device/usbd_control.c.obj
                0x10005c28                tud_control_xfer
 .text.usbd_control_reset
                0x10005c9c       0x14 CMakeFiles/main.dir/C_/VSARM/sdk/pico/pico-sdk/lib/tinyusb/src/device/usbd_control.c.obj
                0x10005c9c                usbd_control_reset
 .text.usbd_control_set_complete_callback
                0x10005cb0        0xc CMakeFiles/main.dir/C_/VSARM/sdk/pico/pico-sdk/lib/tinyusb/src/device/usbd_control.c.obj
                0x10005cb0                usbd_control_set_complete_callback
 .text.usbd_control_set_request
                0x10005cbc       0x1c CMakeFiles/main.dir/C_/VSARM/sdk/pico/pico-sdk/lib/tinyusb/src/device/usbd_control.c.obj
                0x10005cbc                usbd_control_set_request
 .text.usbd_control_xfer_cb
                0x10005cd8       0xcc CMakeFiles/main.dir/C_/VSARM/sdk/pico/pico-sdk/lib/tinyusb/src/device/usbd_control.c.obj
                0x10005cd8                usbd_control_xfer_cb
 .text._prep_out_transaction
                0x10005da4       0x4a CMakeFiles/main.dir/C_/VSARM/sdk/pico/pico-sdk/lib/tinyusb/src/class/cdc/cdc_device.c.obj
 *fill*         0x10005dee        0x2 
 .text.tud_cdc_n_connected
                0x10005df0       0x44 CMakeFiles/main.dir/C_/VSARM/sdk/pico/pico-sdk/lib/tinyusb/src/class/cdc/cdc_device.c.obj
                0x10005df0                tud_cdc_n_connected
 .text.tud_cdc_n_available
                0x10005e34       0x18 CMakeFiles/main.dir/C_/VSARM/sdk/pico/pico-sdk/lib/tinyusb/src/class/cdc/cdc_device.c.obj
                0x10005e34                tud_cdc_n_available
 .text.tud_cdc_n_read
                0x10005e4c       0x28 CMakeFiles/main.dir/C_/VSARM/sdk/pico/pico-sdk/lib/tinyusb/src/class/cdc/cdc_device.c.obj
                0x10005e4c                tud_cdc_n_read
 .text.tud_cdc_n_write_flush
                0x10005e74       0xb8 CMakeFiles/main.dir/C_/VSARM/sdk/pico/pico-sdk/lib/tinyusb/src/class/cdc/cdc_device.c.obj
                0x10005e74                tud_cdc_n_write_flush
 .text.tud_cdc_n_write
                0x10005f2c       0x38 CMakeFiles/main.dir/C_/VSARM/sdk/pico/pico-sdk/lib/tinyusb/src/class/cdc/cdc_device.c.obj
                0x10005f2c                tud_cdc_n_write
 .text.tud_cdc_n_write_available
                0x10005f64       0x1c CMakeFiles/main.dir/C_/VSARM/sdk/pico/pico-sdk/lib/tinyusb/src/class/cdc/cdc_device.c.obj
                0x10005f64                tud_cdc_n_write_available
 .text.cdcd_init
                0x10005f80       0xbc CMakeFiles/main.dir/C_/VSARM/sdk/pico/pico-sdk/lib/tinyusb/src/class/cdc/cdc_device.c.obj
                0x10005f80                cdcd_init
 .text.cdcd_reset
                0x1000603c       0x44 CMakeFiles/main.dir/C_/VSARM/sdk/pico/pico-sdk/lib/tinyusb/src/class/cdc/cdc_device.c.obj
                0x1000603c                cdcd_reset
 .text.cdcd_open
                0x10006080       0xcc CMakeFiles/main.dir/C_/VSARM/sdk/pico/pico-sdk/lib/tinyusb/src/class/cdc/cdc_device.c.obj
                0x10006080                cdcd_open
 .text.cdcd_control_xfer_cb
                0x1000614c      0x134 CMakeFiles/main.dir/C_/VSARM/sdk/pico/pico-sdk/lib/tinyusb/src/class/cdc/cdc_device.c.obj
                0x1000614c                cdcd_control_xfer_cb
 .text.cdcd_xfer_cb
                0x10006280      0x130 CMakeFiles/main.dir/C_/VSARM/sdk/pico/pico-sdk/lib/tinyusb/src/class/cdc/cdc_device.c.obj
                0x10006280                cdcd_xfer_cb
 .text.tusb_init
                0x100063b0        0xa CMakeFiles/main.dir/C_/VSARM/sdk/pico/pico-sdk/lib/tinyusb/src/tusb.c.obj
                0x100063b0                tusb_init
 .text.tusb_inited
                0x100063ba        0xe CMakeFiles/main.dir/C_/VSARM/sdk/pico/pico-sdk/lib/tinyusb/src/tusb.c.obj
                0x100063ba                tusb_inited
 .text.tu_edpt_claim
                0x100063c8       0x50 CMakeFiles/main.dir/C_/VSARM/sdk/pico/pico-sdk/lib/tinyusb/src/tusb.c.obj
                0x100063c8                tu_edpt_claim
 .text.tu_edpt_release
                0x10006418       0x3c CMakeFiles/main.dir/C_/VSARM/sdk/pico/pico-sdk/lib/tinyusb/src/tusb.c.obj
                0x10006418                tu_edpt_release
 .text.tu_edpt_validate
                0x10006454       0x78 CMakeFiles/main.dir/C_/VSARM/sdk/pico/pico-sdk/lib/tinyusb/src/tusb.c.obj
                0x10006454                tu_edpt_validate
 .text.tu_edpt_bind_driver
                0x100064cc       0x26 CMakeFiles/main.dir/C_/VSARM/sdk/pico/pico-sdk/lib/tinyusb/src/tusb.c.obj
                0x100064cc                tu_edpt_bind_driver
 .text.advance_index
                0x100064f2       0x1a CMakeFiles/main.dir/C_/VSARM/sdk/pico/pico-sdk/lib/tinyusb/src/common/tusb_fifo.c.obj
 .text._tu_fifo_peek
                0x1000650c       0x56 CMakeFiles/main.dir/C_/VSARM/sdk/pico/pico-sdk/lib/tinyusb/src/common/tusb_fifo.c.obj
 .text._ff_pull_const_addr
                0x10006562       0x4c CMakeFiles/main.dir/C_/VSARM/sdk/pico/pico-sdk/lib/tinyusb/src/common/tusb_fifo.c.obj
 .text._ff_pull_n
                0x100065ae      0x110 CMakeFiles/main.dir/C_/VSARM/sdk/pico/pico-sdk/lib/tinyusb/src/common/tusb_fifo.c.obj
 .text._tu_fifo_peek_n
                0x100066be       0x6a CMakeFiles/main.dir/C_/VSARM/sdk/pico/pico-sdk/lib/tinyusb/src/common/tusb_fifo.c.obj
 .text._tu_fifo_read_n
                0x10006728       0x4e CMakeFiles/main.dir/C_/VSARM/sdk/pico/pico-sdk/lib/tinyusb/src/common/tusb_fifo.c.obj
 .text._ff_push_const_addr
                0x10006776       0x40 CMakeFiles/main.dir/C_/VSARM/sdk/pico/pico-sdk/lib/tinyusb/src/common/tusb_fifo.c.obj
 .text._ff_push_n
                0x100067b6      0x10c CMakeFiles/main.dir/C_/VSARM/sdk/pico/pico-sdk/lib/tinyusb/src/common/tusb_fifo.c.obj
 .text._tu_fifo_write_n
                0x100068c2       0xf0 CMakeFiles/main.dir/C_/VSARM/sdk/pico/pico-sdk/lib/tinyusb/src/common/tusb_fifo.c.obj
 .text.tu_fifo_config
                0x100069b2       0x7c CMakeFiles/main.dir/C_/VSARM/sdk/pico/pico-sdk/lib/tinyusb/src/common/tusb_fifo.c.obj
                0x100069b2                tu_fifo_config
 .text.tu_fifo_count
                0x10006a2e       0x2a CMakeFiles/main.dir/C_/VSARM/sdk/pico/pico-sdk/lib/tinyusb/src/common/tusb_fifo.c.obj
                0x10006a2e                tu_fifo_count
 .text.tu_fifo_empty
                0x10006a58       0x10 CMakeFiles/main.dir/C_/VSARM/sdk/pico/pico-sdk/lib/tinyusb/src/common/tusb_fifo.c.obj
                0x10006a58                tu_fifo_empty
 .text.tu_fifo_full
                0x10006a68       0x28 CMakeFiles/main.dir/C_/VSARM/sdk/pico/pico-sdk/lib/tinyusb/src/common/tusb_fifo.c.obj
                0x10006a68                tu_fifo_full
 .text.tu_fifo_remaining
                0x10006a90       0x2c CMakeFiles/main.dir/C_/VSARM/sdk/pico/pico-sdk/lib/tinyusb/src/common/tusb_fifo.c.obj
                0x10006a90                tu_fifo_remaining
 .text.tu_fifo_read
                0x10006abc       0x42 CMakeFiles/main.dir/C_/VSARM/sdk/pico/pico-sdk/lib/tinyusb/src/common/tusb_fifo.c.obj
                0x10006abc                tu_fifo_read
 .text.tu_fifo_read_n
                0x10006afe        0xa CMakeFiles/main.dir/C_/VSARM/sdk/pico/pico-sdk/lib/tinyusb/src/common/tusb_fifo.c.obj
                0x10006afe                tu_fifo_read_n
 .text.tu_fifo_write
                0x10006b08       0x64 CMakeFiles/main.dir/C_/VSARM/sdk/pico/pico-sdk/lib/tinyusb/src/common/tusb_fifo.c.obj
                0x10006b08                tu_fifo_write
 .text.tu_fifo_write_n
                0x10006b6c        0xa CMakeFiles/main.dir/C_/VSARM/sdk/pico/pico-sdk/lib/tinyusb/src/common/tusb_fifo.c.obj
                0x10006b6c                tu_fifo_write_n
 .text.tu_fifo_clear
                0x10006b76       0x3e CMakeFiles/main.dir/C_/VSARM/sdk/pico/pico-sdk/lib/tinyusb/src/common/tusb_fifo.c.obj
                0x10006b76                tu_fifo_clear
 .text.tu_fifo_set_overwritable
                0x10006bb4       0x46 CMakeFiles/main.dir/C_/VSARM/sdk/pico/pico-sdk/lib/tinyusb/src/common/tusb_fifo.c.obj
                0x10006bb4                tu_fifo_set_overwritable
 *fill*         0x10006bfa        0x2 
 .text.strlen   0x10006bfc       0x5c c:/vsarm/armcc/102020~1/bin/../lib/gcc/arm-none-eabi/10.2.1/../../../../arm-none-eabi/lib/thumb/v6-m/nofp\libg.a(lib_a-strlen-stub.o)
                0x10006bfc                strlen
 *(.fini)
 .fini          0x10006c58        0x4 c:/vsarm/armcc/102020~1/bin/../lib/gcc/arm-none-eabi/10.2.1/thumb/v6-m/nofp/crti.o
                0x10006c58                _fini
 *fill*         0x10006c5c        0x4 
 .fini.__stub   0x10006c60       0xe0 linker stubs
 *crtbegin.o(.ctors)
 *crtbegin?.o(.ctors)
 *(EXCLUDE_FILE(*crtend.o *crtend?.o) .ctors)
 *(SORT_BY_NAME(.ctors.*))
 *(.ctors)
 *crtbegin.o(.dtors)
 *crtbegin?.o(.dtors)
 *(EXCLUDE_FILE(*crtend.o *crtend?.o) .dtors)
 *(SORT_BY_NAME(.dtors.*))
 *(.dtors)
 *(.eh_frame*)
 .eh_frame      0x10006d40        0x0 c:/vsarm/armcc/102020~1/bin/../lib/gcc/arm-none-eabi/10.2.1/thumb/v6-m/nofp/crtbegin.o
                0x10006d40                . = ALIGN (0x4)

.glue_7         0x10006d40        0x0
 .glue_7        0x10006d40        0x0 linker stubs

.glue_7t        0x10006d40        0x0
 .glue_7t       0x10006d40        0x0 linker stubs

.vfp11_veneer   0x10006d40        0x0
 .vfp11_veneer  0x10006d40        0x0 linker stubs

.v4_bx          0x10006d40        0x0
 .v4_bx         0x10006d40        0x0 linker stubs

.iplt           0x10006d40        0x0
 .iplt          0x10006d40        0x0 c:/vsarm/armcc/102020~1/bin/../lib/gcc/arm-none-eabi/10.2.1/thumb/v6-m/nofp/crtbegin.o

.rodata         0x10006d40     0x156c
 *(EXCLUDE_FILE(*libm.a: *libc.a:*lib_a-mem*.o *libgcc.a:) .rodata*)
 .rodata.main.str1.4
                0x10006d40        0xd CMakeFiles/main.dir/main.c.obj
 *fill*         0x10006d4d        0x3 
 .rodata.spin_lock_claim_unused.str1.4
                0x10006d50       0x1b CMakeFiles/main.dir/C_/VSARM/sdk/pico/pico-sdk/src/rp2_common/hardware_sync/sync.c.obj
 *fill*         0x10006d6b        0x1 
 .rodata.make_branch.str1.4
                0x10006d6c       0x6d CMakeFiles/main.dir/C_/VSARM/sdk/pico/pico-sdk/src/rp2_common/hardware_irq/irq.c.obj
 *fill*         0x10006dd9        0x3 
 .rodata.insert_branch_and_link.str1.4
                0x10006ddc       0x10 CMakeFiles/main.dir/C_/VSARM/sdk/pico/pico-sdk/src/rp2_common/hardware_irq/irq.c.obj
 .rodata.irq_set_exclusive_handler.str1.4
                0x10006dec       0x36 CMakeFiles/main.dir/C_/VSARM/sdk/pico/pico-sdk/src/rp2_common/hardware_irq/irq.c.obj
 *fill*         0x10006e22        0x2 
 .rodata.irq_add_shared_handler.str1.4
                0x10006e24       0xd9 CMakeFiles/main.dir/C_/VSARM/sdk/pico/pico-sdk/src/rp2_common/hardware_irq/irq.c.obj
 *fill*         0x10006efd        0x3 
 .rodata.irq_remove_handler.str1.4
                0x10006f00       0x3a CMakeFiles/main.dir/C_/VSARM/sdk/pico/pico-sdk/src/rp2_common/hardware_irq/irq.c.obj
 *fill*         0x10006f3a        0x2 
 .rodata.irq_add_tail_to_free_list.str1.4
                0x10006f3c       0x3a CMakeFiles/main.dir/C_/VSARM/sdk/pico/pico-sdk/src/rp2_common/hardware_irq/irq.c.obj
 *fill*         0x10006f76        0x2 
 .rodata.user_irq_claim_unused.str1.4
                0x10006f78       0x1b CMakeFiles/main.dir/C_/VSARM/sdk/pico/pico-sdk/src/rp2_common/hardware_irq/irq.c.obj
 *fill*         0x10006f93        0x1 
 .rodata.__func__.0
                0x10006f94       0x1a CMakeFiles/main.dir/C_/VSARM/sdk/pico/pico-sdk/src/rp2_common/hardware_irq/irq.c.obj
 *fill*         0x10006fae        0x2 
 .rodata.__func__.1
                0x10006fb0       0x17 CMakeFiles/main.dir/C_/VSARM/sdk/pico/pico-sdk/src/rp2_common/hardware_irq/irq.c.obj
 *fill*         0x10006fc7        0x1 
 .rodata.__func__.2
                0x10006fc8       0x13 CMakeFiles/main.dir/C_/VSARM/sdk/pico/pico-sdk/src/rp2_common/hardware_irq/irq.c.obj
 *fill*         0x10006fdb        0x1 
 .rodata.__func__.3
                0x10006fdc        0xc CMakeFiles/main.dir/C_/VSARM/sdk/pico/pico-sdk/src/rp2_common/hardware_irq/irq.c.obj
 .rodata.__func__.4
                0x10006fe8        0xf CMakeFiles/main.dir/C_/VSARM/sdk/pico/pico-sdk/src/rp2_common/hardware_irq/irq.c.obj
 *fill*         0x10006ff7        0x1 
 .rodata.__func__.5
                0x10006ff8       0x17 CMakeFiles/main.dir/C_/VSARM/sdk/pico/pico-sdk/src/rp2_common/hardware_irq/irq.c.obj
 *fill*         0x1000700f        0x1 
 .rodata.__func__.6
                0x10007010       0x1a CMakeFiles/main.dir/C_/VSARM/sdk/pico/pico-sdk/src/rp2_common/hardware_irq/irq.c.obj
 *fill*         0x1000702a        0x2 
 .rodata.str1.4
                0x1000702c       0xed CMakeFiles/main.dir/C_/VSARM/sdk/pico/pico-sdk/src/common/pico_sync/mutex.c.obj
 *fill*         0x10007119        0x3 
 .rodata.__func__.1
                0x1000711c        0xb CMakeFiles/main.dir/C_/VSARM/sdk/pico/pico-sdk/src/common/pico_sync/mutex.c.obj
 *fill*         0x10007127        0x1 
 .rodata.__func__.3
                0x10007128       0x18 CMakeFiles/main.dir/C_/VSARM/sdk/pico/pico-sdk/src/common/pico_sync/mutex.c.obj
 .rodata.__func__.4
                0x10007140       0x15 CMakeFiles/main.dir/C_/VSARM/sdk/pico/pico-sdk/src/common/pico_sync/mutex.c.obj
 *fill*         0x10007155        0x3 
 .rodata.repeating_timer_callback.str1.4
                0x10007158       0x4b CMakeFiles/main.dir/C_/VSARM/sdk/pico/pico-sdk/src/common/pico_time/time.c.obj
 *fill*         0x100071a3        0x1 
 .rodata.timer_pool_entry_comparator.str1.4
                0x100071a4       0x22 CMakeFiles/main.dir/C_/VSARM/sdk/pico/pico-sdk/src/common/pico_time/time.c.obj
 *fill*         0x100071c6        0x2 
 .rodata.ph_add_child_node.str1.4
                0x100071c8       0x96 CMakeFiles/main.dir/C_/VSARM/sdk/pico/pico-sdk/src/common/pico_time/time.c.obj
 *fill*         0x1000725e        0x2 
 .rodata.add_alarm_under_lock.str1.4
                0x10007260       0x28 CMakeFiles/main.dir/C_/VSARM/sdk/pico/pico-sdk/src/common/pico_time/time.c.obj
                                 0x2b (size before relaxing)
 .rodata.alarm_pool_alarm_callback.str1.4
                0x10007288       0x98 CMakeFiles/main.dir/C_/VSARM/sdk/pico/pico-sdk/src/common/pico_time/time.c.obj
                                 0xfc (size before relaxing)
 .rodata.alarm_pool_get_default.str1.4
                0x10007320       0x21 CMakeFiles/main.dir/C_/VSARM/sdk/pico/pico-sdk/src/common/pico_time/time.c.obj
 *fill*         0x10007341        0x3 
 .rodata.alarm_pool_cancel_alarm.str1.4
                0x10007344       0x27 CMakeFiles/main.dir/C_/VSARM/sdk/pico/pico-sdk/src/common/pico_time/time.c.obj
 *fill*         0x1000736b        0x1 
 .rodata.sleep_until.str1.4
                0x1000736c       0x4d CMakeFiles/main.dir/C_/VSARM/sdk/pico/pico-sdk/src/common/pico_time/time.c.obj
 *fill*         0x100073b9        0x3 
 .rodata.__func__.1
                0x100073bc       0x18 CMakeFiles/main.dir/C_/VSARM/sdk/pico/pico-sdk/src/common/pico_time/time.c.obj
 .rodata.__func__.10
                0x100073d4       0x15 CMakeFiles/main.dir/C_/VSARM/sdk/pico/pico-sdk/src/common/pico_time/time.c.obj
 *fill*         0x100073e9        0x3 
 .rodata.__func__.11
                0x100073ec       0x1a CMakeFiles/main.dir/C_/VSARM/sdk/pico/pico-sdk/src/common/pico_time/time.c.obj
 *fill*         0x10007406        0x2 
 .rodata.__func__.12
                0x10007408        0xa CMakeFiles/main.dir/C_/VSARM/sdk/pico/pico-sdk/src/common/pico_time/time.c.obj
 *fill*         0x10007412        0x2 
 .rodata.__func__.3
                0x10007414       0x17 CMakeFiles/main.dir/C_/VSARM/sdk/pico/pico-sdk/src/common/pico_time/time.c.obj
 *fill*         0x1000742b        0x1 
 .rodata.__func__.4
                0x1000742c       0x12 CMakeFiles/main.dir/C_/VSARM/sdk/pico/pico-sdk/src/common/pico_time/time.c.obj
 *fill*         0x1000743e        0x2 
 .rodata.__func__.5
                0x10007440        0xd CMakeFiles/main.dir/C_/VSARM/sdk/pico/pico-sdk/src/common/pico_time/time.c.obj
 *fill*         0x1000744d        0x3 
 .rodata.__func__.6
                0x10007450       0x12 CMakeFiles/main.dir/C_/VSARM/sdk/pico/pico-sdk/src/common/pico_time/time.c.obj
 *fill*         0x10007462        0x2 
 .rodata.__func__.7
                0x10007464        0xf CMakeFiles/main.dir/C_/VSARM/sdk/pico/pico-sdk/src/common/pico_time/time.c.obj
 *fill*         0x10007473        0x1 
 .rodata.__func__.8
                0x10007474        0xc CMakeFiles/main.dir/C_/VSARM/sdk/pico/pico-sdk/src/common/pico_time/time.c.obj
 .rodata.__func__.9
                0x10007480       0x15 CMakeFiles/main.dir/C_/VSARM/sdk/pico/pico-sdk/src/common/pico_time/time.c.obj
 *fill*         0x10007495        0x3 
 .rodata.hardware_alarm_claim.str1.4
                0x10007498       0x22 CMakeFiles/main.dir/C_/VSARM/sdk/pico/pico-sdk/src/rp2_common/hardware_timer/timer.c.obj
 *fill*         0x100074ba        0x2 
 .rodata.hardware_alarm_set_target.str1.4
                0x100074bc       0x65 CMakeFiles/main.dir/C_/VSARM/sdk/pico/pico-sdk/src/rp2_common/hardware_timer/timer.c.obj
 *fill*         0x10007521        0x3 
 .rodata.__func__.0
                0x10007524       0x1a CMakeFiles/main.dir/C_/VSARM/sdk/pico/pico-sdk/src/rp2_common/hardware_timer/timer.c.obj
 .rodata.ph_add_child_node.str1.4
                0x1000753e       0x96 CMakeFiles/main.dir/C_/VSARM/sdk/pico/pico-sdk/src/common/pico_util/pheap.c.obj
 *fill*         0x1000753e        0x2 
 .rodata.ph_remove_any_head.str1.4
                0x10007540       0x8c CMakeFiles/main.dir/C_/VSARM/sdk/pico/pico-sdk/src/common/pico_util/pheap.c.obj
                                 0xa0 (size before relaxing)
 .rodata.ph_remove_and_free_node.str1.4
                0x100075cc       0x1e CMakeFiles/main.dir/C_/VSARM/sdk/pico/pico-sdk/src/common/pico_util/pheap.c.obj
                                 0x26 (size before relaxing)
 *fill*         0x100075ea        0x2 
 .rodata.__func__.0
                0x100075ec       0x18 CMakeFiles/main.dir/C_/VSARM/sdk/pico/pico-sdk/src/common/pico_util/pheap.c.obj
 .rodata.__func__.1
                0x10007604       0x13 CMakeFiles/main.dir/C_/VSARM/sdk/pico/pico-sdk/src/common/pico_util/pheap.c.obj
 *fill*         0x10007617        0x1 
 .rodata.__func__.2
                0x10007618       0x12 CMakeFiles/main.dir/C_/VSARM/sdk/pico/pico-sdk/src/common/pico_util/pheap.c.obj
 *fill*         0x1000762a        0x2 
 .rodata.__func__.3
                0x1000762c        0xc CMakeFiles/main.dir/C_/VSARM/sdk/pico/pico-sdk/src/common/pico_util/pheap.c.obj
 .rodata.clock_configure.str1.4
                0x10007638       0x57 CMakeFiles/main.dir/C_/VSARM/sdk/pico/pico-sdk/src/rp2_common/hardware_clocks/clocks.c.obj
 *fill*         0x1000768f        0x1 
 .rodata.__func__.1
                0x10007690       0x10 CMakeFiles/main.dir/C_/VSARM/sdk/pico/pico-sdk/src/rp2_common/hardware_clocks/clocks.c.obj
 .rodata.pll_init.str1.4
                0x100076a0      0x123 CMakeFiles/main.dir/C_/VSARM/sdk/pico/pico-sdk/src/rp2_common/hardware_pll/pll.c.obj
 *fill*         0x100077c3        0x1 
 .rodata.__func__.0
                0x100077c4        0x9 CMakeFiles/main.dir/C_/VSARM/sdk/pico/pico-sdk/src/rp2_common/hardware_pll/pll.c.obj
 *fill*         0x100077cd        0x3 
 .rodata.__assert_func.str1.4
                0x100077d0       0x3f CMakeFiles/main.dir/C_/VSARM/sdk/pico/pico-sdk/src/rp2_common/pico_runtime/runtime.c.obj
                                 0x43 (size before relaxing)
 *fill*         0x1000780f        0x1 
 .rodata.runtime_init.str1.4
                0x10007810       0x61 CMakeFiles/main.dir/C_/VSARM/sdk/pico/pico-sdk/src/rp2_common/pico_runtime/runtime.c.obj
 *fill*         0x10007871        0x3 
 .rodata.panic.str1.4
                0x10007874       0x12 CMakeFiles/main.dir/C_/VSARM/sdk/pico/pico-sdk/src/rp2_common/pico_runtime/runtime.c.obj
 *fill*         0x10007886        0x2 
 .rodata.__func__.2
                0x10007888        0xd CMakeFiles/main.dir/C_/VSARM/sdk/pico/pico-sdk/src/rp2_common/pico_runtime/runtime.c.obj
 *fill*         0x10007895        0x3 
 .rodata._ftoa.str1.4
                0x10007898       0x15 CMakeFiles/main.dir/C_/VSARM/sdk/pico/pico-sdk/src/rp2_common/pico_printf/printf.c.obj
 *fill*         0x100078ad        0x3 
 .rodata._vsnprintf
                0x100078b0      0x1e0 CMakeFiles/main.dir/C_/VSARM/sdk/pico/pico-sdk/src/rp2_common/pico_printf/printf.c.obj
 .rodata.pow10.0
                0x10007a90       0x50 CMakeFiles/main.dir/C_/VSARM/sdk/pico/pico-sdk/src/rp2_common/pico_printf/printf.c.obj
 .rodata.__aeabi_double_init.str1.4
                0x10007ae0       0xa8 CMakeFiles/main.dir/C_/VSARM/sdk/pico/pico-sdk/src/rp2_common/pico_double/double_init_rom.c.obj
 .rodata.__func__.0
                0x10007b88       0x14 CMakeFiles/main.dir/C_/VSARM/sdk/pico/pico-sdk/src/rp2_common/pico_double/double_init_rom.c.obj
 .rodata.__aeabi_float_init.str1.4
                0x10007b9c       0x7a CMakeFiles/main.dir/C_/VSARM/sdk/pico/pico-sdk/src/rp2_common/pico_float/float_init_rom.c.obj
                                 0x7e (size before relaxing)
 *fill*         0x10007c16        0x2 
 .rodata.__func__.0
                0x10007c18       0x13 CMakeFiles/main.dir/C_/VSARM/sdk/pico/pico-sdk/src/rp2_common/pico_float/float_init_rom.c.obj
 *fill*         0x10007c2b        0x1 
 .rodata.str1.4
                0x10007c2c       0x3c CMakeFiles/main.dir/C_/VSARM/sdk/pico/pico-sdk/src/rp2_common/pico_standard_link/binary_info.c.obj
 .rodata.__bi_44
                0x10007c68        0xc CMakeFiles/main.dir/C_/VSARM/sdk/pico/pico-sdk/src/rp2_common/pico_standard_link/binary_info.c.obj
 .rodata.__bi_75
                0x10007c74        0xc CMakeFiles/main.dir/C_/VSARM/sdk/pico/pico-sdk/src/rp2_common/pico_standard_link/binary_info.c.obj
 .rodata.__bi_81
                0x10007c80        0xc CMakeFiles/main.dir/C_/VSARM/sdk/pico/pico-sdk/src/rp2_common/pico_standard_link/binary_info.c.obj
 .rodata.stdout_serialize_begin.str1.4
                0x10007c8c       0x61 CMakeFiles/main.dir/C_/VSARM/sdk/pico/pico-sdk/src/rp2_common/pico_stdio/stdio.c.obj
 .rodata.__func__.3
                0x10007c8c       0x15 CMakeFiles/main.dir/C_/VSARM/sdk/pico/pico-sdk/src/rp2_common/pico_stdio/stdio.c.obj
 *fill*         0x10007ca1        0x3 
 .rodata.crlf_str.2
                0x10007ca4        0x2 CMakeFiles/main.dir/C_/VSARM/sdk/pico/pico-sdk/src/rp2_common/pico_stdio/stdio.c.obj
 *fill*         0x10007ca6        0x2 
 .rodata._resetd_driver
                0x10007ca8       0x18 CMakeFiles/main.dir/C_/VSARM/sdk/pico/pico-sdk/src/rp2_common/pico_stdio_usb/reset_interface.c.obj
 .rodata.low_priority_worker_irq.str1.4
                0x10007cc0       0x61 CMakeFiles/main.dir/C_/VSARM/sdk/pico/pico-sdk/src/rp2_common/pico_stdio_usb/stdio_usb.c.obj
 .rodata.stdio_usb_init.str1.4
                0x10007cc0       0x45 CMakeFiles/main.dir/C_/VSARM/sdk/pico/pico-sdk/src/rp2_common/pico_stdio_usb/stdio_usb.c.obj
                                 0x4d (size before relaxing)
 *fill*         0x10007d05        0x3 
 .rodata.str1.4
                0x10007d08       0x13 CMakeFiles/main.dir/C_/VSARM/sdk/pico/pico-sdk/src/rp2_common/pico_stdio_usb/stdio_usb.c.obj
 *fill*         0x10007d1b        0x1 
 .rodata.__bi_188.0
                0x10007d1c        0xc CMakeFiles/main.dir/C_/VSARM/sdk/pico/pico-sdk/src/rp2_common/pico_stdio_usb/stdio_usb.c.obj
 .rodata.__func__.1
                0x10007d28        0xf CMakeFiles/main.dir/C_/VSARM/sdk/pico/pico-sdk/src/rp2_common/pico_stdio_usb/stdio_usb.c.obj
 *fill*         0x10007d37        0x1 
 .rodata.__func__.3
                0x10007d38       0x15 CMakeFiles/main.dir/C_/VSARM/sdk/pico/pico-sdk/src/rp2_common/pico_stdio_usb/stdio_usb.c.obj
 *fill*         0x10007d4d        0x3 
 .rodata.str1.4
                0x10007d50       0x2a CMakeFiles/main.dir/C_/VSARM/sdk/pico/pico-sdk/src/rp2_common/pico_stdio_usb/stdio_usb_descriptors.c.obj
 *fill*         0x10007d7a        0x2 
 .rodata.usbd_desc_cfg
                0x10007d7c       0x54 CMakeFiles/main.dir/C_/VSARM/sdk/pico/pico-sdk/src/rp2_common/pico_stdio_usb/stdio_usb_descriptors.c.obj
 .rodata.usbd_desc_device
                0x10007dd0       0x12 CMakeFiles/main.dir/C_/VSARM/sdk/pico/pico-sdk/src/rp2_common/pico_stdio_usb/stdio_usb_descriptors.c.obj
 *fill*         0x10007de2        0x2 
 .rodata.usbd_desc_str
                0x10007de4       0x18 CMakeFiles/main.dir/C_/VSARM/sdk/pico/pico-sdk/src/rp2_common/pico_stdio_usb/stdio_usb_descriptors.c.obj
 .rodata.pico_get_unique_board_id_string.str1.4
                0x10007dfc       0x4d CMakeFiles/main.dir/C_/VSARM/sdk/pico/pico-sdk/src/rp2_common/pico_unique_id/unique_id.c.obj
 *fill*         0x10007e49        0x3 
 .rodata.__func__.0
                0x10007e4c       0x20 CMakeFiles/main.dir/C_/VSARM/sdk/pico/pico-sdk/src/rp2_common/pico_unique_id/unique_id.c.obj
 .rodata.str1.4
                0x10007e6c      0x15a CMakeFiles/main.dir/C_/VSARM/sdk/pico/pico-sdk/src/rp2_common/hardware_flash/flash.c.obj
 *fill*         0x10007fc6        0x2 
 .rodata.__func__.0
                0x10007fc8        0xd CMakeFiles/main.dir/C_/VSARM/sdk/pico/pico-sdk/src/rp2_common/hardware_flash/flash.c.obj
 *fill*         0x10007fd5        0x3 
 .rodata._hw_endpoint_alloc.str1.4
                0x10007fd8       0xb5 CMakeFiles/main.dir/C_/VSARM/sdk/pico/pico-sdk/lib/tinyusb/src/portable/raspberrypi/rp2040/dcd_rp2040.c.obj
 *fill*         0x1000808d        0x3 
 .rodata.str1.4
                0x10008090       0x14 CMakeFiles/main.dir/C_/VSARM/sdk/pico/pico-sdk/lib/tinyusb/src/portable/raspberrypi/rp2040/dcd_rp2040.c.obj
 .rodata.dcd_int_enable.str1.4
                0x100080a4        0xc CMakeFiles/main.dir/C_/VSARM/sdk/pico/pico-sdk/lib/tinyusb/src/portable/raspberrypi/rp2040/dcd_rp2040.c.obj
 .rodata.__func__.0
                0x100080b0        0xe CMakeFiles/main.dir/C_/VSARM/sdk/pico/pico-sdk/lib/tinyusb/src/portable/raspberrypi/rp2040/dcd_rp2040.c.obj
 *fill*         0x100080be        0x2 
 .rodata.__func__.1
                0x100080c0        0xe CMakeFiles/main.dir/C_/VSARM/sdk/pico/pico-sdk/lib/tinyusb/src/portable/raspberrypi/rp2040/dcd_rp2040.c.obj
 *fill*         0x100080ce        0x2 
 .rodata.__func__.3
                0x100080d0       0x10 CMakeFiles/main.dir/C_/VSARM/sdk/pico/pico-sdk/lib/tinyusb/src/portable/raspberrypi/rp2040/dcd_rp2040.c.obj
 .rodata.__func__.5
                0x100080e0        0xf CMakeFiles/main.dir/C_/VSARM/sdk/pico/pico-sdk/lib/tinyusb/src/portable/raspberrypi/rp2040/dcd_rp2040.c.obj
 *fill*         0x100080ef        0x1 
 .rodata.__func__.6
                0x100080f0       0x13 CMakeFiles/main.dir/C_/VSARM/sdk/pico/pico-sdk/lib/tinyusb/src/portable/raspberrypi/rp2040/dcd_rp2040.c.obj
 *fill*         0x10008103        0x1 
 .rodata.__func__.7
                0x10008104        0x9 CMakeFiles/main.dir/C_/VSARM/sdk/pico/pico-sdk/lib/tinyusb/src/portable/raspberrypi/rp2040/dcd_rp2040.c.obj
 *fill*         0x1000810d        0x3 
 .rodata.str1.4
                0x10008110       0xe7 CMakeFiles/main.dir/C_/VSARM/sdk/pico/pico-sdk/lib/tinyusb/src/portable/raspberrypi/rp2040/rp2040_usb.c.obj
 *fill*         0x100081f7        0x1 
 .rodata.__func__.0
                0x100081f8        0xf CMakeFiles/main.dir/C_/VSARM/sdk/pico/pico-sdk/lib/tinyusb/src/portable/raspberrypi/rp2040/rp2040_usb.c.obj
 *fill*         0x10008207        0x1 
 .rodata.process_get_descriptor
                0x10008208       0x40 CMakeFiles/main.dir/C_/VSARM/sdk/pico/pico-sdk/lib/tinyusb/src/device/usbd.c.obj
 .rodata.process_control_request
                0x10008248       0x28 CMakeFiles/main.dir/C_/VSARM/sdk/pico/pico-sdk/lib/tinyusb/src/device/usbd.c.obj
 .rodata.tud_task_ext
                0x10008270       0x24 CMakeFiles/main.dir/C_/VSARM/sdk/pico/pico-sdk/lib/tinyusb/src/device/usbd.c.obj
 .rodata._usbd_driver
                0x10008294       0x18 CMakeFiles/main.dir/C_/VSARM/sdk/pico/pico-sdk/lib/tinyusb/src/device/usbd.c.obj
                0x100082ac                . = ALIGN (0x4)
 *(SORT_BY_ALIGNMENT(SORT_BY_NAME(.flashdata*)))
                0x100082ac                . = ALIGN (0x4)

.rel.dyn        0x100082ac        0x0
 .rel.iplt      0x100082ac        0x0 c:/vsarm/armcc/102020~1/bin/../lib/gcc/arm-none-eabi/10.2.1/thumb/v6-m/nofp/crtbegin.o

.ARM.extab
 *(.ARM.extab* .gnu.linkonce.armextab.*)
                0x100082ac                __exidx_start = .

.ARM.exidx
 *(.ARM.exidx* .gnu.linkonce.armexidx.*)
                0x100082ac                __exidx_end = .
                0x100082ac                . = ALIGN (0x4)
                0x100082ac                __binary_info_start = .

.binary_info    0x100082ac       0x20
 *(.binary_info.keep.*)
 .binary_info.keep.__bi_ptr22
                0x100082ac        0x4 CMakeFiles/main.dir/C_/VSARM/sdk/pico/pico-sdk/src/rp2_common/pico_standard_link/binary_info.c.obj
 .binary_info.keep.__bi_ptr30
                0x100082b0        0x4 CMakeFiles/main.dir/C_/VSARM/sdk/pico/pico-sdk/src/rp2_common/pico_standard_link/binary_info.c.obj
 .binary_info.keep.__bi_ptr38
                0x100082b4        0x4 CMakeFiles/main.dir/C_/VSARM/sdk/pico/pico-sdk/src/rp2_common/pico_standard_link/binary_info.c.obj
 .binary_info.keep.__bi_ptr44
                0x100082b8        0x4 CMakeFiles/main.dir/C_/VSARM/sdk/pico/pico-sdk/src/rp2_common/pico_standard_link/binary_info.c.obj
 .binary_info.keep.__bi_ptr50
                0x100082bc        0x4 CMakeFiles/main.dir/C_/VSARM/sdk/pico/pico-sdk/src/rp2_common/pico_standard_link/binary_info.c.obj
 .binary_info.keep.__bi_ptr75
                0x100082c0        0x4 CMakeFiles/main.dir/C_/VSARM/sdk/pico/pico-sdk/src/rp2_common/pico_standard_link/binary_info.c.obj
 .binary_info.keep.__bi_ptr81
                0x100082c4        0x4 CMakeFiles/main.dir/C_/VSARM/sdk/pico/pico-sdk/src/rp2_common/pico_standard_link/binary_info.c.obj
 *(.binary_info.*)
 .binary_info.__bi_ptr188
                0x100082c8        0x4 CMakeFiles/main.dir/C_/VSARM/sdk/pico/pico-sdk/src/rp2_common/pico_stdio_usb/stdio_usb.c.obj
                0x100082cc                __binary_info_end = .
                0x100082cc                . = ALIGN (0x4)
                0x100082cc                __etext = .

.ram_vector_table
                0x20000000       0xc0
 *(.ram_vector_table)
 .ram_vector_table
                0x20000000       0xc0 CMakeFiles/main.dir/C_/VSARM/sdk/pico/pico-sdk/src/rp2_common/pico_runtime/runtime.c.obj
                0x20000000                ram_vector_table

.data           0x200000c0      0xbe0 load address 0x100082cc
                0x200000c0                __data_start__ = .
 *(vtable)
 *(.time_critical*)
 .time_critical.mutex_try_enter
                0x200000c0       0x46 CMakeFiles/main.dir/C_/VSARM/sdk/pico/pico-sdk/src/common/pico_sync/mutex.c.obj
                0x200000c0                mutex_try_enter
 *fill*         0x20000106        0x2 
 .time_critical.mutex_enter_block_until
                0x20000108       0x8c CMakeFiles/main.dir/C_/VSARM/sdk/pico/pico-sdk/src/common/pico_sync/mutex.c.obj
                0x20000108                mutex_enter_block_until
 .time_critical.mutex_try_enter_block_until
                0x20000194       0x34 CMakeFiles/main.dir/C_/VSARM/sdk/pico/pico-sdk/src/common/pico_sync/mutex.c.obj
                0x20000194                mutex_try_enter_block_until
 .time_critical.mutex_enter_timeout_ms
                0x200001c8       0x68 CMakeFiles/main.dir/C_/VSARM/sdk/pico/pico-sdk/src/common/pico_sync/mutex.c.obj
                0x200001c8                mutex_enter_timeout_ms
 .time_critical.mutex_exit
                0x20000230       0x4c CMakeFiles/main.dir/C_/VSARM/sdk/pico/pico-sdk/src/common/pico_sync/mutex.c.obj
                0x20000230                mutex_exit
 .time_critical.flash_init_boot2_copyout
                0x2000027c       0x30 CMakeFiles/main.dir/C_/VSARM/sdk/pico/pico-sdk/src/rp2_common/hardware_flash/flash.c.obj
 .time_critical.flash_enable_xip_via_boot2
                0x200002ac       0x10 CMakeFiles/main.dir/C_/VSARM/sdk/pico/pico-sdk/src/rp2_common/hardware_flash/flash.c.obj
 .time_critical.flash_cs_force
                0x200002bc       0x28 CMakeFiles/main.dir/C_/VSARM/sdk/pico/pico-sdk/src/rp2_common/hardware_flash/flash.c.obj
 .time_critical.flash_do_cmd
                0x200002e4       0xd8 CMakeFiles/main.dir/C_/VSARM/sdk/pico/pico-sdk/src/rp2_common/hardware_flash/flash.c.obj
                0x200002e4                flash_do_cmd
 .time_critical.reset_non_control_endpoints
                0x200003bc       0x40 CMakeFiles/main.dir/C_/VSARM/sdk/pico/pico-sdk/lib/tinyusb/src/portable/raspberrypi/rp2040/dcd_rp2040.c.obj
 .time_critical.hw_handle_buff_status
                0x200003fc       0xa4 CMakeFiles/main.dir/C_/VSARM/sdk/pico/pico-sdk/lib/tinyusb/src/portable/raspberrypi/rp2040/dcd_rp2040.c.obj
 .time_critical.dcd_rp2040_irq
                0x200004a0      0x1cc CMakeFiles/main.dir/C_/VSARM/sdk/pico/pico-sdk/lib/tinyusb/src/portable/raspberrypi/rp2040/dcd_rp2040.c.obj
 .time_critical.e15_is_bulkin_ep
                0x2000066c       0x2c CMakeFiles/main.dir/C_/VSARM/sdk/pico/pico-sdk/lib/tinyusb/src/portable/raspberrypi/rp2040/rp2040_usb.c.obj
 .time_critical.e15_is_critical_frame_period
                0x20000698       0x30 CMakeFiles/main.dir/C_/VSARM/sdk/pico/pico-sdk/lib/tinyusb/src/portable/raspberrypi/rp2040/rp2040_usb.c.obj
 .time_critical.prepare_ep_buffer
                0x200006c8       0x70 CMakeFiles/main.dir/C_/VSARM/sdk/pico/pico-sdk/lib/tinyusb/src/portable/raspberrypi/rp2040/rp2040_usb.c.obj
 .time_critical.sync_ep_buffer
                0x20000738       0x80 CMakeFiles/main.dir/C_/VSARM/sdk/pico/pico-sdk/lib/tinyusb/src/portable/raspberrypi/rp2040/rp2040_usb.c.obj
 .time_critical._hw_endpoint_xfer_sync
                0x200007b8       0x28 CMakeFiles/main.dir/C_/VSARM/sdk/pico/pico-sdk/lib/tinyusb/src/portable/raspberrypi/rp2040/rp2040_usb.c.obj
 .time_critical.hw_endpoint_reset_transfer
                0x200007e0        0xc CMakeFiles/main.dir/C_/VSARM/sdk/pico/pico-sdk/lib/tinyusb/src/portable/raspberrypi/rp2040/rp2040_usb.c.obj
                0x200007e0                hw_endpoint_reset_transfer
 .time_critical._hw_endpoint_buffer_control_update32
                0x200007ec       0x58 CMakeFiles/main.dir/C_/VSARM/sdk/pico/pico-sdk/lib/tinyusb/src/portable/raspberrypi/rp2040/rp2040_usb.c.obj
                0x200007ec                _hw_endpoint_buffer_control_update32
 .time_critical.hw_endpoint_start_next_buffer
                0x20000844       0x88 CMakeFiles/main.dir/C_/VSARM/sdk/pico/pico-sdk/lib/tinyusb/src/portable/raspberrypi/rp2040/rp2040_usb.c.obj
                0x20000844                hw_endpoint_start_next_buffer
 .time_critical.hw_endpoint_xfer_continue
                0x200008cc       0x50 CMakeFiles/main.dir/C_/VSARM/sdk/pico/pico-sdk/lib/tinyusb/src/portable/raspberrypi/rp2040/rp2040_usb.c.obj
                0x200008cc                hw_endpoint_xfer_continue
 .time_critical.tinyusb
                0x2000091c      0x1ec CMakeFiles/main.dir/C_/VSARM/sdk/pico/pico-sdk/lib/tinyusb/src/device/usbd.c.obj
                0x2000091c                dcd_event_handler
 *(.text*)
 .text          0x20000b08        0x4 c:/vsarm/armcc/102020~1/bin/../lib/gcc/arm-none-eabi/10.2.1/thumb/v6-m/nofp\libgcc.a(_dvmd_tls.o)
                0x20000b08                __aeabi_idiv0
                0x20000b08                __aeabi_ldiv0
 *fill*         0x20000b0c        0x4 
 .text.__stub   0x20000b10       0x90 linker stubs
                0x20000ba0                . = ALIGN (0x4)
 *(.rodata*)
                0x20000ba0                . = ALIGN (0x4)
 *(.data*)
 .data.striped_spin_lock_num
                0x20000ba0        0x1 CMakeFiles/main.dir/C_/VSARM/sdk/pico/pico-sdk/src/rp2_common/hardware_sync/sync.c.obj
 *fill*         0x20000ba1        0x3 
 .data          0x20000ba4       0x48 CMakeFiles/main.dir/C_/VSARM/sdk/pico/pico-sdk/src/rp2_common/hardware_irq/irq_handler_chain.S.obj
                0x20000ba4                irq_handler_chain_slots
                0x20000bd4                irq_handler_chain_first_slot
                0x20000bde                irq_handler_chain_remove_tail
 .data.default_alarm_pool
                0x20000bec       0x18 CMakeFiles/main.dir/C_/VSARM/sdk/pico/pico-sdk/src/common/pico_time/time.c.obj
 .data.default_alarm_pool_heap
                0x20000c04       0x10 CMakeFiles/main.dir/C_/VSARM/sdk/pico/pico-sdk/src/common/pico_time/time.c.obj
 *fill*         0x20000c14        0xc 
 .data.aeabi_bits_funcs
                0x20000c20       0x10 CMakeFiles/main.dir/C_/VSARM/sdk/pico/pico-sdk/src/rp2_common/pico_bit_ops/bit_ops_aeabi.S.obj
                0x20000c20                aeabi_bits_funcs
                0x20000c30                aeabi_bits_funcs_end
 .data.aeabi_mem_funcs
                0x20000c30       0x10 CMakeFiles/main.dir/C_/VSARM/sdk/pico/pico-sdk/src/rp2_common/pico_mem_ops/mem_ops_aeabi.S.obj
                0x20000c30                aeabi_mem_funcs
                0x20000c40                aeabi_mem_funcs_end
 .data.stdio_usb
                0x20000c40       0x18 CMakeFiles/main.dir/C_/VSARM/sdk/pico/pico-sdk/src/rp2_common/pico_stdio_usb/stdio_usb.c.obj
                0x20000c40                stdio_usb
 .data.ep_dir_string
                0x20000c58        0x8 CMakeFiles/main.dir/C_/VSARM/sdk/pico/pico-sdk/lib/tinyusb/src/portable/raspberrypi/rp2040/rp2040_usb.c.obj
                0x20000c58                ep_dir_string
 .data._usbd_qdef
                0x20000c60       0x1c CMakeFiles/main.dir/C_/VSARM/sdk/pico/pico-sdk/lib/tinyusb/src/device/usbd.c.obj
                0x20000c60                _usbd_qdef
 .data._usbd_rhport
                0x20000c7c        0x1 CMakeFiles/main.dir/C_/VSARM/sdk/pico/pico-sdk/lib/tinyusb/src/device/usbd.c.obj
                0x20000c80                . = ALIGN (0x4)
 *fill*         0x20000c7d        0x3 
 *(.after_data.*)
                0x20000c80                . = ALIGN (0x4)
                0x20000c80                PROVIDE (__mutex_array_start = .)
 *(SORT_BY_NAME(.mutex_array.*))
 *(.mutex_array)
 .mutex_array   0x20000c80        0x8 CMakeFiles/main.dir/C_/VSARM/sdk/pico/pico-sdk/src/rp2_common/pico_stdio/stdio.c.obj
                0x20000c88                PROVIDE (__mutex_array_end = .)
                0x20000c88                . = ALIGN (0x4)
                0x20000c88                PROVIDE (__preinit_array_start = .)
 *(SORT_BY_NAME(.preinit_array.*))
 .preinit_array.00001
                0x20000c88        0x4 CMakeFiles/main.dir/C_/VSARM/sdk/pico/pico-sdk/src/rp2_common/pico_mem_ops/mem_ops_aeabi.S.obj
 .preinit_array.00010
                0x20000c8c        0x4 CMakeFiles/main.dir/C_/VSARM/sdk/pico/pico-sdk/src/rp2_common/pico_bit_ops/bit_ops_aeabi.S.obj
 .preinit_array.00020
                0x20000c90        0x4 CMakeFiles/main.dir/C_/VSARM/sdk/pico/pico-sdk/src/rp2_common/pico_double/double_aeabi.S.obj
 .preinit_array.00020
                0x20000c94        0x4 CMakeFiles/main.dir/C_/VSARM/sdk/pico/pico-sdk/src/rp2_common/pico_float/float_aeabi.S.obj
 *(.preinit_array)
                0x20000c98                PROVIDE (__preinit_array_end = .)
                0x20000c98                . = ALIGN (0x4)
                0x20000c98                PROVIDE (__init_array_start = .)
 *(SORT_BY_NAME(.init_array.*))
 *(.init_array)
 .init_array    0x20000c98        0x4 c:/vsarm/armcc/102020~1/bin/../lib/gcc/arm-none-eabi/10.2.1/thumb/v6-m/nofp/crtbegin.o
 .init_array    0x20000c9c        0x4 CMakeFiles/main.dir/C_/VSARM/sdk/pico/pico-sdk/src/rp2_common/pico_unique_id/unique_id.c.obj
                0x20000ca0                PROVIDE (__init_array_end = .)
                0x20000ca0                . = ALIGN (0x4)
                [!provide]                PROVIDE (__fini_array_start = .)
 *(SORT_BY_NAME(.fini_array.*))
 *(.fini_array)
                [!provide]                PROVIDE (__fini_array_end = .)
 *(.jcr)
                0x20000ca0                . = ALIGN (0x4)
                0x20000ca0                __data_end__ = .

.igot.plt       0x20000ca0        0x0 load address 0x10008eac
 .igot.plt      0x20000ca0        0x0 c:/vsarm/armcc/102020~1/bin/../lib/gcc/arm-none-eabi/10.2.1/thumb/v6-m/nofp/crtbegin.o

.uninitialized_data
                0x20000ca0        0x0 load address 0x10008eac
                0x20000ca0                . = ALIGN (0x4)
 *(.uninitialized_data*)

.scratch_x      0x20040000        0x0 load address 0x10008eac
                0x20040000                __scratch_x_start__ = .
 *(.scratch_x.*)
                0x20040000                . = ALIGN (0x4)
                0x20040000                __scratch_x_end__ = .
                0x10008eac                __scratch_x_source__ = LOADADDR (.scratch_x)

.scratch_y      0x20041000        0x0 load address 0x10008eac
                0x20041000                __scratch_y_start__ = .
 *(.scratch_y.*)
                0x20041000                . = ALIGN (0x4)
                0x20041000                __scratch_y_end__ = .
                0x10008eac                __scratch_y_source__ = LOADADDR (.scratch_y)

.bss            0x20000ca0      0xd84
                0x20000ca0                . = ALIGN (0x4)
                0x20000ca0                __bss_start__ = .
 *(SORT_BY_ALIGNMENT(SORT_BY_NAME(.bss*)))
 .bss.default_alarm_pool_entries
                0x20000ca0      0x100 CMakeFiles/main.dir/C_/VSARM/sdk/pico/pico-sdk/src/common/pico_time/time.c.obj
 .bss.last_avail_time.2
                0x20000da0        0x8 CMakeFiles/main.dir/C_/VSARM/sdk/pico/pico-sdk/src/rp2_common/pico_stdio_usb/stdio_usb.c.obj
 .bss           0x20000da8       0x1c c:/vsarm/armcc/102020~1/bin/../lib/gcc/arm-none-eabi/10.2.1/thumb/v6-m/nofp/crtbegin.o
 .bss._app_driver
                0x20000dc4        0x4 CMakeFiles/main.dir/C_/VSARM/sdk/pico/pico-sdk/lib/tinyusb/src/device/usbd.c.obj
 .bss._cdcd_itf
                0x20000dc8      0x2c8 CMakeFiles/main.dir/C_/VSARM/sdk/pico/pico-sdk/lib/tinyusb/src/class/cdc/cdc_device.c.obj
 .bss._ctrl_xfer
                0x20001090       0x14 CMakeFiles/main.dir/C_/VSARM/sdk/pico/pico-sdk/lib/tinyusb/src/device/usbd_control.c.obj
 .bss._ubsd_mutexdef
                0x200010a4        0x8 CMakeFiles/main.dir/C_/VSARM/sdk/pico/pico-sdk/lib/tinyusb/src/device/usbd.c.obj
 .bss._usbd_ctrl_buf
                0x200010ac       0x40 CMakeFiles/main.dir/C_/VSARM/sdk/pico/pico-sdk/lib/tinyusb/src/device/usbd_control.c.obj
 .bss._usbd_dev
                0x200010ec       0x53 CMakeFiles/main.dir/C_/VSARM/sdk/pico/pico-sdk/lib/tinyusb/src/device/usbd.c.obj
 *fill*         0x2000113f        0x1 
 .bss._usbd_mutex
                0x20001140        0x4 CMakeFiles/main.dir/C_/VSARM/sdk/pico/pico-sdk/lib/tinyusb/src/device/usbd.c.obj
 .bss._usbd_q   0x20001144        0x4 CMakeFiles/main.dir/C_/VSARM/sdk/pico/pico-sdk/lib/tinyusb/src/device/usbd.c.obj
 .bss._usbd_qdef_buf
                0x20001148       0xc0 CMakeFiles/main.dir/C_/VSARM/sdk/pico/pico-sdk/lib/tinyusb/src/device/usbd.c.obj
                0x20001148                _usbd_qdef_buf
 .bss.alarm_callbacks
                0x20001208       0x10 CMakeFiles/main.dir/C_/VSARM/sdk/pico/pico-sdk/src/rp2_common/hardware_timer/timer.c.obj
 .bss.boot2_copyout
                0x20001218      0x100 CMakeFiles/main.dir/C_/VSARM/sdk/pico/pico-sdk/src/rp2_common/hardware_flash/flash.c.obj
 .bss.chars_available_callback
                0x20001318        0x4 CMakeFiles/main.dir/C_/VSARM/sdk/pico/pico-sdk/src/rp2_common/pico_stdio_usb/stdio_usb.c.obj
 .bss.chars_available_param
                0x2000131c        0x4 CMakeFiles/main.dir/C_/VSARM/sdk/pico/pico-sdk/src/rp2_common/pico_stdio_usb/stdio_usb.c.obj
 .bss.claimed   0x20001320        0x4 CMakeFiles/main.dir/C_/VSARM/sdk/pico/pico-sdk/src/rp2_common/hardware_sync/sync.c.obj
 .bss.configured_freq
                0x20001324       0x28 CMakeFiles/main.dir/C_/VSARM/sdk/pico/pico-sdk/src/rp2_common/hardware_clocks/clocks.c.obj
 .bss.default_alarm_pool_entry_ids_high
                0x2000134c       0x10 CMakeFiles/main.dir/C_/VSARM/sdk/pico/pico-sdk/src/common/pico_time/time.c.obj
 .bss.default_alarm_pool_heap_nodes
                0x2000135c       0x30 CMakeFiles/main.dir/C_/VSARM/sdk/pico/pico-sdk/src/common/pico_time/time.c.obj
 .bss.desc_str.0
                0x2000138c       0x28 CMakeFiles/main.dir/C_/VSARM/sdk/pico/pico-sdk/src/rp2_common/pico_stdio_usb/stdio_usb_descriptors.c.obj
 .bss.drivers   0x200013b4        0x4 CMakeFiles/main.dir/C_/VSARM/sdk/pico/pico-sdk/src/rp2_common/pico_stdio/stdio.c.obj
 .bss.e15_last_sof
                0x200013b8        0x4 CMakeFiles/main.dir/C_/VSARM/sdk/pico/pico-sdk/lib/tinyusb/src/portable/raspberrypi/rp2040/rp2040_usb.c.obj
                0x200013b8                e15_last_sof
 .bss.filter    0x200013bc        0x4 CMakeFiles/main.dir/C_/VSARM/sdk/pico/pico-sdk/src/rp2_common/pico_stdio/stdio.c.obj
 .bss.hw_endpoints
                0x200013c0      0x400 CMakeFiles/main.dir/C_/VSARM/sdk/pico/pico-sdk/lib/tinyusb/src/portable/raspberrypi/rp2040/dcd_rp2040.c.obj
 .bss.load_value
                0x200017c0        0x4 CMakeFiles/main.dir/C_/VSARM/sdk/pico/pico-sdk/src/rp2_common/hardware_watchdog/watchdog.c.obj
 .bss.next_buffer_ptr
                0x200017c4        0x4 CMakeFiles/main.dir/C_/VSARM/sdk/pico/pico-sdk/lib/tinyusb/src/portable/raspberrypi/rp2040/dcd_rp2040.c.obj
 .bss.one_shot_timer_crit_sec
                0x200017c8        0x8 CMakeFiles/main.dir/C_/VSARM/sdk/pico/pico-sdk/src/rp2_common/pico_stdio_usb/stdio_usb.c.obj
 .bss.pools     0x200017d0       0x10 CMakeFiles/main.dir/C_/VSARM/sdk/pico/pico-sdk/src/common/pico_time/time.c.obj
 .bss.retrieved_id
                0x200017e0        0x8 CMakeFiles/main.dir/C_/VSARM/sdk/pico/pico-sdk/src/rp2_common/pico_unique_id/unique_id.c.obj
 .bss.sd_table  0x200017e8      0x100 CMakeFiles/main.dir/C_/VSARM/sdk/pico/pico-sdk/src/rp2_common/pico_double/double_init_rom.c.obj
                0x200017e8                sd_table
 .bss.sf_clz_func
                0x200018e8        0x4 CMakeFiles/main.dir/C_/VSARM/sdk/pico/pico-sdk/src/rp2_common/pico_double/double_init_rom.c.obj
                0x200018e8                sf_clz_func
 .bss.sf_table  0x200018ec      0x100 CMakeFiles/main.dir/C_/VSARM/sdk/pico/pico-sdk/src/rp2_common/pico_float/float_init_rom.c.obj
                0x200018ec                sf_table
 .bss.sleep_notifier
                0x200019ec        0x4 CMakeFiles/main.dir/C_/VSARM/sdk/pico/pico-sdk/src/common/pico_time/time.c.obj
 .bss.stdio_usb_mutex
                0x200019f0        0x8 CMakeFiles/main.dir/C_/VSARM/sdk/pico/pico-sdk/src/rp2_common/pico_stdio_usb/stdio_usb.c.obj
 .bss.target_hi
                0x200019f8       0x10 CMakeFiles/main.dir/C_/VSARM/sdk/pico/pico-sdk/src/rp2_common/hardware_timer/timer.c.obj
 .bss.usbd_serial_str
                0x20001a08       0x11 CMakeFiles/main.dir/C_/VSARM/sdk/pico/pico-sdk/src/rp2_common/pico_stdio_usb/stdio_usb_descriptors.c.obj
 .bss._app_driver_count
                0x20001a19        0x1 CMakeFiles/main.dir/C_/VSARM/sdk/pico/pico-sdk/lib/tinyusb/src/device/usbd.c.obj
 .bss._sof_enable
                0x20001a1a        0x1 CMakeFiles/main.dir/C_/VSARM/sdk/pico/pico-sdk/lib/tinyusb/src/portable/raspberrypi/rp2040/dcd_rp2040.c.obj
 .bss.boot2_copyout_valid
                0x20001a1b        0x1 CMakeFiles/main.dir/C_/VSARM/sdk/pico/pico-sdk/src/rp2_common/hardware_flash/flash.c.obj
 .bss.claimed   0x20001a1c        0x1 CMakeFiles/main.dir/C_/VSARM/sdk/pico/pico-sdk/src/rp2_common/hardware_timer/timer.c.obj
 .bss.irq_hander_chain_free_slot_head
                0x20001a1d        0x1 CMakeFiles/main.dir/C_/VSARM/sdk/pico/pico-sdk/src/rp2_common/hardware_irq/irq.c.obj
 .bss.itf_num   0x20001a1e        0x1 CMakeFiles/main.dir/C_/VSARM/sdk/pico/pico-sdk/src/rp2_common/pico_stdio_usb/reset_interface.c.obj
 .bss.low_priority_irq_num
                0x20001a1f        0x1 CMakeFiles/main.dir/C_/VSARM/sdk/pico/pico-sdk/src/rp2_common/pico_stdio_usb/stdio_usb.c.obj
 .bss.one_shot_timer_pending
                0x20001a20        0x1 CMakeFiles/main.dir/C_/VSARM/sdk/pico/pico-sdk/src/rp2_common/pico_stdio_usb/stdio_usb.c.obj
 .bss.stdio_usb_core_num
                0x20001a21        0x1 CMakeFiles/main.dir/C_/VSARM/sdk/pico/pico-sdk/src/rp2_common/pico_stdio_usb/stdio_usb.c.obj
 .bss.timer_callbacks_pending
                0x20001a22        0x1 CMakeFiles/main.dir/C_/VSARM/sdk/pico/pico-sdk/src/rp2_common/hardware_timer/timer.c.obj
 .bss.user_irq_claimed
                0x20001a23        0x1 CMakeFiles/main.dir/C_/VSARM/sdk/pico/pico-sdk/src/rp2_common/hardware_irq/irq.c.obj
 *(COMMON)
                0x20001a24                . = ALIGN (0x4)
                0x20001a24                __bss_end__ = .

.heap           0x20001a24      0x800
                0x20001a24                __end__ = .
                0x20001a24                end = __end__
 *(.heap*)
 .heap          0x20001a24      0x800 CMakeFiles/main.dir/C_/VSARM/sdk/pico/pico-sdk/src/rp2_common/pico_standard_link/crt0.S.obj
                0x20002224                __HeapLimit = .

.stack1_dummy   0x20040000        0x0
 *(.stack1*)

.stack_dummy    0x20041000      0x800
 *(.stack*)
 .stack         0x20041000      0x800 CMakeFiles/main.dir/C_/VSARM/sdk/pico/pico-sdk/src/rp2_common/pico_standard_link/crt0.S.obj

.flash_end      0x10008eac        0x0
                0x10008eac                __flash_binary_end = .
                0x20040000                __StackLimit = (ORIGIN (RAM) + LENGTH (RAM))
                0x20041000                __StackOneTop = (ORIGIN (SCRATCH_X) + LENGTH (SCRATCH_X))
                0x20042000                __StackTop = (ORIGIN (SCRATCH_Y) + LENGTH (SCRATCH_Y))
                0x20041000                __StackOneBottom = (__StackOneTop - SIZEOF (.stack1_dummy))
                0x20041800                __StackBottom = (__StackTop - SIZEOF (.stack_dummy))